Archive member included to satisfy reference by file (symbol)

/opt/st/stm32cubeide_1.7.0_2/plugins/com.st.stm32cube.ide.mcu.externaltools.gnu-tools-for-stm32.9-2020-q2-update.linux64_2.0.0.202105311346/tools/bin/../lib/gcc/arm-none-eabi/9.3.1/../../../../arm-none-eabi/lib/thumb/v7e-m+fp/hard/libc_nano.a(lib_a-errno.o)
                              ./Core/Src/syscalls.o (__errno)
/opt/st/stm32cubeide_1.7.0_2/plugins/com.st.stm32cube.ide.mcu.externaltools.gnu-tools-for-stm32.9-2020-q2-update.linux64_2.0.0.202105311346/tools/bin/../lib/gcc/arm-none-eabi/9.3.1/../../../../arm-none-eabi/lib/thumb/v7e-m+fp/hard/libc_nano.a(lib_a-exit.o)
                              /opt/st/stm32cubeide_1.7.0_2/plugins/com.st.stm32cube.ide.mcu.externaltools.gnu-tools-for-stm32.9-2020-q2-update.linux64_2.0.0.202105311346/tools/bin/../lib/gcc/arm-none-eabi/9.3.1/../../../../arm-none-eabi/lib/thumb/v7e-m+fp/hard/crt0.o (exit)
/opt/st/stm32cubeide_1.7.0_2/plugins/com.st.stm32cube.ide.mcu.externaltools.gnu-tools-for-stm32.9-2020-q2-update.linux64_2.0.0.202105311346/tools/bin/../lib/gcc/arm-none-eabi/9.3.1/../../../../arm-none-eabi/lib/thumb/v7e-m+fp/hard/libc_nano.a(lib_a-impure.o)
                              /opt/st/stm32cubeide_1.7.0_2/plugins/com.st.stm32cube.ide.mcu.externaltools.gnu-tools-for-stm32.9-2020-q2-update.linux64_2.0.0.202105311346/tools/bin/../lib/gcc/arm-none-eabi/9.3.1/../../../../arm-none-eabi/lib/thumb/v7e-m+fp/hard/libc_nano.a(lib_a-exit.o) (_global_impure_ptr)
/opt/st/stm32cubeide_1.7.0_2/plugins/com.st.stm32cube.ide.mcu.externaltools.gnu-tools-for-stm32.9-2020-q2-update.linux64_2.0.0.202105311346/tools/bin/../lib/gcc/arm-none-eabi/9.3.1/../../../../arm-none-eabi/lib/thumb/v7e-m+fp/hard/libc_nano.a(lib_a-init.o)
                              /opt/st/stm32cubeide_1.7.0_2/plugins/com.st.stm32cube.ide.mcu.externaltools.gnu-tools-for-stm32.9-2020-q2-update.linux64_2.0.0.202105311346/tools/bin/../lib/gcc/arm-none-eabi/9.3.1/../../../../arm-none-eabi/lib/thumb/v7e-m+fp/hard/crt0.o (__libc_init_array)
/opt/st/stm32cubeide_1.7.0_2/plugins/com.st.stm32cube.ide.mcu.externaltools.gnu-tools-for-stm32.9-2020-q2-update.linux64_2.0.0.202105311346/tools/bin/../lib/gcc/arm-none-eabi/9.3.1/../../../../arm-none-eabi/lib/thumb/v7e-m+fp/hard/libc_nano.a(lib_a-memset.o)
                              /opt/st/stm32cubeide_1.7.0_2/plugins/com.st.stm32cube.ide.mcu.externaltools.gnu-tools-for-stm32.9-2020-q2-update.linux64_2.0.0.202105311346/tools/bin/../lib/gcc/arm-none-eabi/9.3.1/../../../../arm-none-eabi/lib/thumb/v7e-m+fp/hard/crt0.o (memset)
/opt/st/stm32cubeide_1.7.0_2/plugins/com.st.stm32cube.ide.mcu.externaltools.gnu-tools-for-stm32.9-2020-q2-update.linux64_2.0.0.202105311346/tools/bin/../lib/gcc/arm-none-eabi/9.3.1/../../../../arm-none-eabi/lib/thumb/v7e-m+fp/hard/libc_nano.a(lib_a-sprintf.o)
                              ./Core/Src/main.o (sprintf)
/opt/st/stm32cubeide_1.7.0_2/plugins/com.st.stm32cube.ide.mcu.externaltools.gnu-tools-for-stm32.9-2020-q2-update.linux64_2.0.0.202105311346/tools/bin/../lib/gcc/arm-none-eabi/9.3.1/../../../../arm-none-eabi/lib/thumb/v7e-m+fp/hard/libc_nano.a(lib_a-strlen.o)
                              ./Core/Src/main.o (strlen)
/opt/st/stm32cubeide_1.7.0_2/plugins/com.st.stm32cube.ide.mcu.externaltools.gnu-tools-for-stm32.9-2020-q2-update.linux64_2.0.0.202105311346/tools/bin/../lib/gcc/arm-none-eabi/9.3.1/../../../../arm-none-eabi/lib/thumb/v7e-m+fp/hard/libc_nano.a(lib_a-nano-svfprintf.o)
                              /opt/st/stm32cubeide_1.7.0_2/plugins/com.st.stm32cube.ide.mcu.externaltools.gnu-tools-for-stm32.9-2020-q2-update.linux64_2.0.0.202105311346/tools/bin/../lib/gcc/arm-none-eabi/9.3.1/../../../../arm-none-eabi/lib/thumb/v7e-m+fp/hard/libc_nano.a(lib_a-sprintf.o) (_svfprintf_r)
/opt/st/stm32cubeide_1.7.0_2/plugins/com.st.stm32cube.ide.mcu.externaltools.gnu-tools-for-stm32.9-2020-q2-update.linux64_2.0.0.202105311346/tools/bin/../lib/gcc/arm-none-eabi/9.3.1/../../../../arm-none-eabi/lib/thumb/v7e-m+fp/hard/libc_nano.a(lib_a-nano-vfprintf_i.o)
                              /opt/st/stm32cubeide_1.7.0_2/plugins/com.st.stm32cube.ide.mcu.externaltools.gnu-tools-for-stm32.9-2020-q2-update.linux64_2.0.0.202105311346/tools/bin/../lib/gcc/arm-none-eabi/9.3.1/../../../../arm-none-eabi/lib/thumb/v7e-m+fp/hard/libc_nano.a(lib_a-nano-svfprintf.o) (_printf_i)
/opt/st/stm32cubeide_1.7.0_2/plugins/com.st.stm32cube.ide.mcu.externaltools.gnu-tools-for-stm32.9-2020-q2-update.linux64_2.0.0.202105311346/tools/bin/../lib/gcc/arm-none-eabi/9.3.1/../../../../arm-none-eabi/lib/thumb/v7e-m+fp/hard/libc_nano.a(lib_a-memchr.o)
                              /opt/st/stm32cubeide_1.7.0_2/plugins/com.st.stm32cube.ide.mcu.externaltools.gnu-tools-for-stm32.9-2020-q2-update.linux64_2.0.0.202105311346/tools/bin/../lib/gcc/arm-none-eabi/9.3.1/../../../../arm-none-eabi/lib/thumb/v7e-m+fp/hard/libc_nano.a(lib_a-nano-svfprintf.o) (memchr)
[...]
Memory Configuration

Name             Origin             Length             Attributes
CCMRAM           0x0000000010000000 0x0000000000010000 xrw
RAM              0x0000000020000000 0x0000000000030000 xrw
FLASH            0x0000000008000000 0x0000000000200000 xr
*default*        0x0000000000000000 0xffffffffffffffff

Linker script and memory map

LOAD /opt/st/stm32cubeide_1.7.0_2/plugins/com.st.stm32cube.ide.mcu.externaltools.gnu-tools-for-stm32.9-2020-q2-update.linux64_2.0.0.202105311346/tools/bin/../lib/gcc/arm-none-eabi/9.3.1/thumb/v7e-m+fp/hard/crti.o
LOAD /opt/st/stm32cubeide_1.7.0_2/plugins/com.st.stm32cube.ide.mcu.externaltools.gnu-tools-for-stm32.9-2020-q2-update.linux64_2.0.0.202105311346/tools/bin/../lib/gcc/arm-none-eabi/9.3.1/thumb/v7e-m+fp/hard/crtbegin.o
LOAD /opt/st/stm32cubeide_1.7.0_2/plugins/com.st.stm32cube.ide.mcu.externaltools.gnu-tools-for-stm32.9-2020-q2-update.linux64_2.0.0.202105311346/tools/bin/../lib/gcc/arm-none-eabi/9.3.1/../../../../arm-none-eabi/lib/thumb/v7e-m+fp/hard/crt0.o
LOAD ./Core/Src/AHT10.o
LOAD ./Core/Src/AHT10_Port.o
LOAD ./Core/Src/main.o
LOAD ./Core/Src/stm32f4xx_hal_msp.o
LOAD ./Core/Src/stm32f4xx_it.o
LOAD ./Core/Src/syscalls.o
LOAD ./Core/Src/sysmem.o
LOAD ./Core/Src/system_stm32f4xx.o
LOAD ./Core/Startup/startup_stm32f429zitx.o
LOAD ./Drivers/STM32F4xx_HAL_Driver/Src/stm32f4xx_hal.o
LOAD ./Drivers/STM32F4xx_HAL_Driver/Src/stm32f4xx_hal_cortex.o
LOAD ./Drivers/STM32F4xx_HAL_Driver/Src/stm32f4xx_hal_dma.o
LOAD ./Drivers/STM32F4xx_HAL_Driver/Src/stm32f4xx_hal_dma_ex.o
LOAD ./Drivers/STM32F4xx_HAL_Driver/Src/stm32f4xx_hal_exti.o
LOAD ./Drivers/STM32F4xx_HAL_Driver/Src/stm32f4xx_hal_flash.o
LOAD ./Drivers/STM32F4xx_HAL_Driver/Src/stm32f4xx_hal_flash_ex.o
LOAD ./Drivers/STM32F4xx_HAL_Driver/Src/stm32f4xx_hal_flash_ramfunc.o
LOAD ./Drivers/STM32F4xx_HAL_Driver/Src/stm32f4xx_hal_gpio.o
LOAD ./Drivers/STM32F4xx_HAL_Driver/Src/stm32f4xx_hal_i2c.o
LOAD ./Drivers/STM32F4xx_HAL_Driver/Src/stm32f4xx_hal_i2c_ex.o
LOAD ./Drivers/STM32F4xx_HAL_Driver/Src/stm32f4xx_hal_pwr.o
LOAD ./Drivers/STM32F4xx_HAL_Driver/Src/stm32f4xx_hal_pwr_ex.o
LOAD ./Drivers/STM32F4xx_HAL_Driver/Src/stm32f4xx_hal_rcc.o
LOAD ./Drivers/STM32F4xx_HAL_Driver/Src/stm32f4xx_hal_rcc_ex.o
LOAD ./Drivers/STM32F4xx_HAL_Driver/Src/stm32f4xx_hal_tim.o
LOAD ./Drivers/STM32F4xx_HAL_Driver/Src/stm32f4xx_hal_tim_ex.o
LOAD ./Drivers/STM32F4xx_HAL_Driver/Src/stm32f4xx_hal_uart.o
START GROUP
LOAD /opt/st/stm32cubeide_1.7.0_2/plugins/com.st.stm32cube.ide.mcu.externaltools.gnu-tools-for-stm32.9-2020-q2-update.linux64_2.0.0.202105311346/tools/bin/../lib/gcc/arm-none-eabi/9.3.1/../../../../arm-none-eabi/lib/thumb/v7e-m+fp/hard/libc_nano.a
LOAD /opt/st/stm32cubeide_1.7.0_2/plugins/com.st.stm32cube.ide.mcu.externaltools.gnu-tools-for-stm32.9-2020-q2-update.linux64_2.0.0.202105311346/tools/bin/../lib/gcc/arm-none-eabi/9.3.1/../../../../arm-none-eabi/lib/thumb/v7e-m+fp/hard/libm.a
END GROUP
START GROUP
LOAD /opt/st/stm32cubeide_1.7.0_2/plugins/com.st.stm32cube.ide.mcu.externaltools.gnu-tools-for-stm32.9-2020-q2-update.linux64_2.0.0.202105311346/tools/bin/../lib/gcc/arm-none-eabi/9.3.1/thumb/v7e-m+fp/hard/libgcc.a
LOAD /opt/st/stm32cubeide_1.7.0_2/plugins/com.st.stm32cube.ide.mcu.externaltools.gnu-tools-for-stm32.9-2020-q2-update.linux64_2.0.0.202105311346/tools/bin/../lib/gcc/arm-none-eabi/9.3.1/../../../../arm-none-eabi/lib/thumb/v7e-m+fp/hard/libc_nano.a
END GROUP
START GROUP
LOAD /opt/st/stm32cubeide_1.7.0_2/plugins/com.st.stm32cube.ide.mcu.externaltools.gnu-tools-for-stm32.9-2020-q2-update.linux64_2.0.0.202105311346/tools/bin/../lib/gcc/arm-none-eabi/9.3.1/thumb/v7e-m+fp/hard/libgcc.a
LOAD /opt/st/stm32cubeide_1.7.0_2/plugins/com.st.stm32cube.ide.mcu.externaltools.gnu-tools-for-stm32.9-2020-q2-update.linux64_2.0.0.202105311346/tools/bin/../lib/gcc/arm-none-eabi/9.3.1/../../../../arm-none-eabi/lib/thumb/v7e-m+fp/hard/libc_nano.a
LOAD /opt/st/stm32cubeide_1.7.0_2/plugins/com.st.stm32cube.ide.mcu.externaltools.gnu-tools-for-stm32.9-2020-q2-update.linux64_2.0.0.202105311346/tools/bin/../lib/gcc/arm-none-eabi/9.3.1/../../../../arm-none-eabi/lib/thumb/v7e-m+fp/hard/libnosys.a
END GROUP
START GROUP
LOAD /opt/st/stm32cubeide_1.7.0_2/plugins/com.st.stm32cube.ide.mcu.externaltools.gnu-tools-for-stm32.9-2020-q2-update.linux64_2.0.0.202105311346/tools/bin/../lib/gcc/arm-none-eabi/9.3.1/thumb/v7e-m+fp/hard/libgcc.a
LOAD /opt/st/stm32cubeide_1.7.0_2/plugins/com.st.stm32cube.ide.mcu.externaltools.gnu-tools-for-stm32.9-2020-q2-update.linux64_2.0.0.202105311346/tools/bin/../lib/gcc/arm-none-eabi/9.3.1/../../../../arm-none-eabi/lib/thumb/v7e-m+fp/hard/libc_nano.a
LOAD /opt/st/stm32cubeide_1.7.0_2/plugins/com.st.stm32cube.ide.mcu.externaltools.gnu-tools-for-stm32.9-2020-q2-update.linux64_2.0.0.202105311346/tools/bin/../lib/gcc/arm-none-eabi/9.3.1/../../../../arm-none-eabi/lib/thumb/v7e-m+fp/hard/libnosys.a
END GROUP
LOAD /opt/st/stm32cubeide_1.7.0_2/plugins/com.st.stm32cube.ide.mcu.externaltools.gnu-tools-for-stm32.9-2020-q2-update.linux64_2.0.0.202105311346/tools/bin/../lib/gcc/arm-none-eabi/9.3.1/thumb/v7e-m+fp/hard/crtend.o
LOAD /opt/st/stm32cubeide_1.7.0_2/plugins/com.st.stm32cube.ide.mcu.externaltools.gnu-tools-for-stm32.9-2020-q2-update.linux64_2.0.0.202105311346/tools/bin/../lib/gcc/arm-none-eabi/9.3.1/thumb/v7e-m+fp/hard/crtn.o
                0x0000000020030000                _estack = (ORIGIN (RAM) + LENGTH (RAM))
                0x0000000000000200                _Min_Heap_Size = 0x200
                0x0000000000000400                _Min_Stack_Size = 0x400

.isr_vector     0x0000000008000000      0x1ac
                0x0000000008000000                . = ALIGN (0x4)
 *(.isr_vector)
 .isr_vector    0x0000000008000000      0x1ac ./Core/Startup/startup_stm32f429zitx.o
                0x0000000008000000                g_pfnVectors
                0x00000000080001ac                . = ALIGN (0x4)

.text           0x00000000080001b0     0x33b8
                0x00000000080001b0                . = ALIGN (0x4)
 *(.text)
 .text          0x00000000080001b0       0x40 /opt/st/stm32cubeide_1.7.0_2/plugins/com.st.stm32cube.ide.mcu.externaltools.gnu-tools-for-stm32.9-2020-q2-update.linux64_2.0.0.202105311346/tools/bin/../lib/gcc/arm-none-eabi/9.3.1/thumb/v7e-m+fp/hard/crtbegin.o
 .text          0x00000000080001f0       0x10 /opt/st/stm32cubeide_1.7.0_2/plugins/com.st.stm32cube.ide.mcu.externaltools.gnu-tools-for-stm32.9-2020-q2-update.linux64_2.0.0.202105311346/tools/bin/../lib/gcc/arm-none-eabi/9.3.1/../../../../arm-none-eabi/lib/thumb/v7e-m+fp/hard/libc_nano.a(lib_a-strlen.o)
                0x00000000080001f0                strlen
 .text          0x0000000008000200       0xa0 /opt/st/stm32cubeide_1.7.0_2/plugins/com.st.stm32cube.ide.mcu.externaltools.gnu-tools-for-stm32.9-2020-q2-update.linux64_2.0.0.202105311346/tools/bin/../lib/gcc/arm-none-eabi/9.3.1/../../../../arm-none-eabi/lib/thumb/v7e-m+fp/hard/libc_nano.a(lib_a-memchr.o)
                0x0000000008000200                memchr
 .text          0x00000000080002a0       0x30 /opt/st/stm32cubeide_1.7.0_2/plugins/com.st.stm32cube.ide.mcu.externaltools.gnu-tools-for-stm32.9-2020-q2-update.linux64_2.0.0.202105311346/tools/bin/../lib/gcc/arm-none-eabi/9.3.1/thumb/v7e-m+fp/hard/libgcc.a(_aeabi_uldivmod.o)
                0x00000000080002a0                __aeabi_uldivmod
 .text          0x00000000080002d0      0x2c4 /opt/st/stm32cubeide_1.7.0_2/plugins/com.st.stm32cube.ide.mcu.externaltools.gnu-tools-for-stm32.9-2020-q2-update.linux64_2.0.0.202105311346/tools/bin/../lib/gcc/arm-none-eabi/9.3.1/thumb/v7e-m+fp/hard/libgcc.a(_udivmoddi4.o)
                0x00000000080002d0                __udivmoddi4
 .text          0x0000000008000594        0x4 /opt/st/stm32cubeide_1.7.0_2/plugins/com.st.stm32cube.ide.mcu.externaltools.gnu-tools-for-stm32.9-2020-q2-update.linux64_2.0.0.202105311346/tools/bin/../lib/gcc/arm-none-eabi/9.3.1/thumb/v7e-m+fp/hard/libgcc.a(_dvmd_tls.o)
                0x0000000008000594                __aeabi_ldiv0
                0x0000000008000594                __aeabi_idiv0
 *(.text*)
 .text.AHT10_Init
                0x0000000008000598       0x40 ./Core/Src/AHT10.o
                0x0000000008000598                AHT10_Init
 .text.AHT10_Read_Temp
                0x00000000080005d8       0x94 ./Core/Src/AHT10.o
                0x00000000080005d8                AHT10_Read_Temp
 .text.AHT10_Read_Hum
                0x000000000800066c       0x84 ./Core/Src/AHT10.o
                0x000000000800066c                AHT10_Read_Hum
 .text.AHT10_I2C_Init_Handler
                0x00000000080006f0       0x54 ./Core/Src/AHT10_Port.o
                0x00000000080006f0                AHT10_I2C_Init_Handler
 .text.AHT10_I2C_Send
                0x0000000008000744       0x34 ./Core/Src/AHT10_Port.o
                0x0000000008000744                AHT10_I2C_Send
 .text.AHT10_I2C_Receive
                0x0000000008000778       0x34 ./Core/Src/AHT10_Port.o
                0x0000000008000778                AHT10_I2C_Receive
 .text.AHT10_I2C_Delay
                0x00000000080007ac       0x16 ./Core/Src/AHT10_Port.o
                0x00000000080007ac                AHT10_I2C_Delay
 *fill*         0x00000000080007c2        0x2 
 .text.vPrintString
                0x00000000080007c4       0x28 ./Core/Src/main.o
                0x00000000080007c4                vPrintString
 .text.main     0x00000000080007ec       0x78 ./Core/Src/main.o
                0x00000000080007ec                main
 .text.SystemClock_Config
                0x0000000008000864       0xd4 ./Core/Src/main.o
                0x0000000008000864                SystemClock_Config
 .text.MX_USART3_UART_Init
                0x0000000008000938       0x54 ./Core/Src/main.o
 .text.MX_GPIO_Init
                0x000000000800098c      0x220 ./Core/Src/main.o
 .text.Error_Handler
                0x0000000008000bac        0xa ./Core/Src/main.o
                0x0000000008000bac                Error_Handler
 *fill*         0x0000000008000bb6        0x2 
 .text.HAL_MspInit
                0x0000000008000bb8       0x50 ./Core/Src/stm32f4xx_hal_msp.o
                0x0000000008000bb8                HAL_MspInit
 .text.HAL_I2C_MspInit
                0x0000000008000c08       0x90 ./Core/Src/stm32f4xx_hal_msp.o
                0x0000000008000c08                HAL_I2C_MspInit
 .text.HAL_UART_MspInit
                0x0000000008000c98       0x90 ./Core/Src/stm32f4xx_hal_msp.o
                0x0000000008000c98                HAL_UART_MspInit
 .text.NMI_Handler
                0x0000000008000d28        0x6 ./Core/Src/stm32f4xx_it.o
                0x0000000008000d28                NMI_Handler
 .text.HardFault_Handler
                0x0000000008000d2e        0x6 ./Core/Src/stm32f4xx_it.o
                0x0000000008000d2e                HardFault_Handler
 .text.MemManage_Handler
                0x0000000008000d34        0x6 ./Core/Src/stm32f4xx_it.o
                0x0000000008000d34                MemManage_Handler
 .text.BusFault_Handler
                0x0000000008000d3a        0x6 ./Core/Src/stm32f4xx_it.o
                0x0000000008000d3a                BusFault_Handler
 .text.UsageFault_Handler
                0x0000000008000d40        0x6 ./Core/Src/stm32f4xx_it.o
                0x0000000008000d40                UsageFault_Handler
 .text.SVC_Handler
                0x0000000008000d46        0xe ./Core/Src/stm32f4xx_it.o
                0x0000000008000d46                SVC_Handler
 .text.DebugMon_Handler
                0x0000000008000d54        0xe ./Core/Src/stm32f4xx_it.o
                0x0000000008000d54                DebugMon_Handler
 .text.PendSV_Handler
                0x0000000008000d62        0xe ./Core/Src/stm32f4xx_it.o
                0x0000000008000d62                PendSV_Handler
 .text.SysTick_Handler
                0x0000000008000d70        0xc ./Core/Src/stm32f4xx_it.o
                0x0000000008000d70                SysTick_Handler
 .text._sbrk    0x0000000008000d7c       0x6c ./Core/Src/sysmem.o
                0x0000000008000d7c                _sbrk
 .text.SystemInit
                0x0000000008000de8       0x24 ./Core/Src/system_stm32f4xx.o
                0x0000000008000de8                SystemInit
 .text.Reset_Handler
                0x0000000008000e0c       0x50 ./Core/Startup/startup_stm32f429zitx.o
                0x0000000008000e0c                Reset_Handler
 .text.Default_Handler
                0x0000000008000e5c        0x2 ./Core/Startup/startup_stm32f429zitx.o
                0x0000000008000e5c                RTC_Alarm_IRQHandler
                0x0000000008000e5c                HASH_RNG_IRQHandler
                0x0000000008000e5c                EXTI2_IRQHandler
                0x0000000008000e5c                TIM8_CC_IRQHandler
                0x0000000008000e5c                UART8_IRQHandler
                0x0000000008000e5c                SPI4_IRQHandler
                0x0000000008000e5c                TIM1_CC_IRQHandler
                0x0000000008000e5c                DMA2_Stream5_IRQHandler
                0x0000000008000e5c                DMA1_Stream5_IRQHandler
                0x0000000008000e5c                PVD_IRQHandler
                0x0000000008000e5c                SDIO_IRQHandler
                0x0000000008000e5c                TAMP_STAMP_IRQHandler
                0x0000000008000e5c                CAN2_RX1_IRQHandler
                0x0000000008000e5c                EXTI3_IRQHandler
                0x0000000008000e5c                TIM8_TRG_COM_TIM14_IRQHandler
                0x0000000008000e5c                TIM1_UP_TIM10_IRQHandler
                0x0000000008000e5c                TIM8_UP_TIM13_IRQHandler
                0x0000000008000e5c                I2C3_ER_IRQHandler
                0x0000000008000e5c                EXTI0_IRQHandler
                0x0000000008000e5c                I2C2_EV_IRQHandler
                0x0000000008000e5c                DMA1_Stream2_IRQHandler
                0x0000000008000e5c                CAN1_RX0_IRQHandler
                0x0000000008000e5c                FPU_IRQHandler
                0x0000000008000e5c                OTG_HS_WKUP_IRQHandler
                0x0000000008000e5c                LTDC_ER_IRQHandler
                0x0000000008000e5c                CAN2_SCE_IRQHandler
                0x0000000008000e5c                DMA2_Stream2_IRQHandler
                0x0000000008000e5c                SPI1_IRQHandler
                0x0000000008000e5c                TIM6_DAC_IRQHandler
                0x0000000008000e5c                TIM1_BRK_TIM9_IRQHandler
                0x0000000008000e5c                DCMI_IRQHandler
                0x0000000008000e5c                CAN2_RX0_IRQHandler
                0x0000000008000e5c                DMA2_Stream3_IRQHandler
                0x0000000008000e5c                USART6_IRQHandler
                0x0000000008000e5c                USART3_IRQHandler
                0x0000000008000e5c                CAN1_RX1_IRQHandler
                0x0000000008000e5c                UART5_IRQHandler
                0x0000000008000e5c                DMA2_Stream0_IRQHandler
                0x0000000008000e5c                TIM4_IRQHandler
                0x0000000008000e5c                I2C1_EV_IRQHandler
                0x0000000008000e5c                DMA1_Stream6_IRQHandler
                0x0000000008000e5c                DMA1_Stream1_IRQHandler
                0x0000000008000e5c                UART4_IRQHandler
                0x0000000008000e5c                TIM3_IRQHandler
                0x0000000008000e5c                RCC_IRQHandler
                0x0000000008000e5c                TIM8_BRK_TIM12_IRQHandler
                0x0000000008000e5c                Default_Handler
                0x0000000008000e5c                EXTI15_10_IRQHandler
                0x0000000008000e5c                ADC_IRQHandler
                0x0000000008000e5c                DMA1_Stream7_IRQHandler
                0x0000000008000e5c                SPI5_IRQHandler
                0x0000000008000e5c                TIM7_IRQHandler
                0x0000000008000e5c                CAN2_TX_IRQHandler
                0x0000000008000e5c                TIM5_IRQHandler
                0x0000000008000e5c                DMA2_Stream7_IRQHandler
                0x0000000008000e5c                I2C3_EV_IRQHandler
                0x0000000008000e5c                EXTI9_5_IRQHandler
                0x0000000008000e5c                RTC_WKUP_IRQHandler
                0x0000000008000e5c                LTDC_IRQHandler
                0x0000000008000e5c                ETH_WKUP_IRQHandler
                0x0000000008000e5c                SPI2_IRQHandler
                0x0000000008000e5c                OTG_HS_EP1_IN_IRQHandler
                0x0000000008000e5c                DMA1_Stream0_IRQHandler
                0x0000000008000e5c                CAN1_TX_IRQHandler
                0x0000000008000e5c                EXTI4_IRQHandler
                0x0000000008000e5c                ETH_IRQHandler
                0x0000000008000e5c                OTG_HS_EP1_OUT_IRQHandler
                0x0000000008000e5c                WWDG_IRQHandler
                0x0000000008000e5c                SPI6_IRQHandler
                0x0000000008000e5c                TIM2_IRQHandler
                0x0000000008000e5c                OTG_FS_WKUP_IRQHandler
                0x0000000008000e5c                TIM1_TRG_COM_TIM11_IRQHandler
                0x0000000008000e5c                OTG_HS_IRQHandler
                0x0000000008000e5c                DMA2D_IRQHandler
                0x0000000008000e5c                EXTI1_IRQHandler
                0x0000000008000e5c                UART7_IRQHandler
                0x0000000008000e5c                USART2_IRQHandler
                0x0000000008000e5c                I2C2_ER_IRQHandler
                0x0000000008000e5c                DMA2_Stream1_IRQHandler
                0x0000000008000e5c                CAN1_SCE_IRQHandler
                0x0000000008000e5c                FLASH_IRQHandler
                0x0000000008000e5c                DMA2_Stream4_IRQHandler
                0x0000000008000e5c                USART1_IRQHandler
                0x0000000008000e5c                OTG_FS_IRQHandler
                0x0000000008000e5c                SPI3_IRQHandler
                0x0000000008000e5c                DMA1_Stream4_IRQHandler
                0x0000000008000e5c                I2C1_ER_IRQHandler
                0x0000000008000e5c                FMC_IRQHandler
                0x0000000008000e5c                DMA2_Stream6_IRQHandler
                0x0000000008000e5c                SAI1_IRQHandler
                0x0000000008000e5c                DMA1_Stream3_IRQHandler
 *fill*         0x0000000008000e5e        0x2 
 .text.HAL_Init
                0x0000000008000e60       0x44 ./Drivers/STM32F4xx_HAL_Driver/Src/stm32f4xx_hal.o
                0x0000000008000e60                HAL_Init
 .text.HAL_InitTick
                0x0000000008000ea4       0x60 ./Drivers/STM32F4xx_HAL_Driver/Src/stm32f4xx_hal.o
                0x0000000008000ea4                HAL_InitTick
 .text.HAL_IncTick
                0x0000000008000f04       0x28 ./Drivers/STM32F4xx_HAL_Driver/Src/stm32f4xx_hal.o
                0x0000000008000f04                HAL_IncTick
 .text.HAL_GetTick
                0x0000000008000f2c       0x18 ./Drivers/STM32F4xx_HAL_Driver/Src/stm32f4xx_hal.o
                0x0000000008000f2c                HAL_GetTick
 .text.HAL_Delay
                0x0000000008000f44       0x48 ./Drivers/STM32F4xx_HAL_Driver/Src/stm32f4xx_hal.o
                0x0000000008000f44                HAL_Delay
 .text.__NVIC_SetPriorityGrouping
                0x0000000008000f8c       0x48 ./Drivers/STM32F4xx_HAL_Driver/Src/stm32f4xx_hal_cortex.o
 .text.__NVIC_GetPriorityGrouping
                0x0000000008000fd4       0x1c ./Drivers/STM32F4xx_HAL_Driver/Src/stm32f4xx_hal_cortex.o
 .text.__NVIC_SetPriority
                0x0000000008000ff0       0x54 ./Drivers/STM32F4xx_HAL_Driver/Src/stm32f4xx_hal_cortex.o
 .text.NVIC_EncodePriority
                0x0000000008001044       0x66 ./Drivers/STM32F4xx_HAL_Driver/Src/stm32f4xx_hal_cortex.o
 *fill*         0x00000000080010aa        0x2 
 .text.SysTick_Config
                0x00000000080010ac       0x44 ./Drivers/STM32F4xx_HAL_Driver/Src/stm32f4xx_hal_cortex.o
 .text.HAL_NVIC_SetPriorityGrouping
                0x00000000080010f0       0x16 ./Drivers/STM32F4xx_HAL_Driver/Src/stm32f4xx_hal_cortex.o
                0x00000000080010f0                HAL_NVIC_SetPriorityGrouping
 .text.HAL_NVIC_SetPriority
                0x0000000008001106       0x38 ./Drivers/STM32F4xx_HAL_Driver/Src/stm32f4xx_hal_cortex.o
                0x0000000008001106                HAL_NVIC_SetPriority
 .text.HAL_SYSTICK_Config
                0x000000000800113e       0x18 ./Drivers/STM32F4xx_HAL_Driver/Src/stm32f4xx_hal_cortex.o
                0x000000000800113e                HAL_SYSTICK_Config
 *fill*         0x0000000008001156        0x2 
 .text.HAL_GPIO_Init
                0x0000000008001158      0x358 ./Drivers/STM32F4xx_HAL_Driver/Src/stm32f4xx_hal_gpio.o
                0x0000000008001158                HAL_GPIO_Init
 .text.HAL_GPIO_WritePin
                0x00000000080014b0       0x32 ./Drivers/STM32F4xx_HAL_Driver/Src/stm32f4xx_hal_gpio.o
                0x00000000080014b0                HAL_GPIO_WritePin
 *fill*         0x00000000080014e2        0x2 
 .text.HAL_I2C_Init
                0x00000000080014e4      0x288 ./Drivers/STM32F4xx_HAL_Driver/Src/stm32f4xx_hal_i2c.o
                0x00000000080014e4                HAL_I2C_Init
 .text.HAL_I2C_Master_Transmit
                0x000000000800176c      0x1fc ./Drivers/STM32F4xx_HAL_Driver/Src/stm32f4xx_hal_i2c.o
                0x000000000800176c                HAL_I2C_Master_Transmit
 .text.I2C_MasterRequestWrite
                0x0000000008001968      0x104 ./Drivers/STM32F4xx_HAL_Driver/Src/stm32f4xx_hal_i2c.o
 .text.I2C_WaitOnFlagUntilTimeout
                0x0000000008001a6c       0xae ./Drivers/STM32F4xx_HAL_Driver/Src/stm32f4xx_hal_i2c.o
 .text.I2C_WaitOnMasterAddressFlagUntilTimeout
                0x0000000008001b1a       0xfe ./Drivers/STM32F4xx_HAL_Driver/Src/stm32f4xx_hal_i2c.o
 .text.I2C_WaitOnTXEFlagUntilTimeout
                0x0000000008001c18       0x82 ./Drivers/STM32F4xx_HAL_Driver/Src/stm32f4xx_hal_i2c.o
 .text.I2C_WaitOnBTFFlagUntilTimeout
                0x0000000008001c9a       0x82 ./Drivers/STM32F4xx_HAL_Driver/Src/stm32f4xx_hal_i2c.o
 .text.I2C_IsAcknowledgeFailed
                0x0000000008001d1c       0x5e ./Drivers/STM32F4xx_HAL_Driver/Src/stm32f4xx_hal_i2c.o
 *fill*         0x0000000008001d7a        0x2 
 .text.HAL_RCC_OscConfig
                0x0000000008001d7c      0x4f0 ./Drivers/STM32F4xx_HAL_Driver/Src/stm32f4xx_hal_rcc.o
                0x0000000008001d7c                HAL_RCC_OscConfig
 .text.HAL_RCC_ClockConfig
                0x000000000800226c      0x1cc ./Drivers/STM32F4xx_HAL_Driver/Src/stm32f4xx_hal_rcc.o
                0x000000000800226c                HAL_RCC_ClockConfig
 .text.HAL_RCC_GetSysClockFreq
                0x0000000008002438      0x1c4 ./Drivers/STM32F4xx_HAL_Driver/Src/stm32f4xx_hal_rcc.o
                0x0000000008002438                HAL_RCC_GetSysClockFreq
 .text.HAL_RCC_GetHCLKFreq
                0x00000000080025fc       0x18 ./Drivers/STM32F4xx_HAL_Driver/Src/stm32f4xx_hal_rcc.o
                0x00000000080025fc                HAL_RCC_GetHCLKFreq
 .text.HAL_RCC_GetPCLK1Freq
                0x0000000008002614       0x28 ./Drivers/STM32F4xx_HAL_Driver/Src/stm32f4xx_hal_rcc.o
                0x0000000008002614                HAL_RCC_GetPCLK1Freq
 .text.HAL_RCC_GetPCLK2Freq
                0x000000000800263c       0x28 ./Drivers/STM32F4xx_HAL_Driver/Src/stm32f4xx_hal_rcc.o
                0x000000000800263c                HAL_RCC_GetPCLK2Freq
 .text.HAL_UART_Init
                0x0000000008002664       0x9a ./Drivers/STM32F4xx_HAL_Driver/Src/stm32f4xx_hal_uart.o
                0x0000000008002664                HAL_UART_Init
 .text.HAL_UART_Transmit
                0x00000000080026fe      0x124 ./Drivers/STM32F4xx_HAL_Driver/Src/stm32f4xx_hal_uart.o
                0x00000000080026fe                HAL_UART_Transmit
 .text.UART_WaitOnFlagUntilTimeout
                0x0000000008002822       0xdc ./Drivers/STM32F4xx_HAL_Driver/Src/stm32f4xx_hal_uart.o
 *fill*         0x00000000080028fe        0x2 
 .text.UART_SetConfig
                0x0000000008002900      0x390 ./Drivers/STM32F4xx_HAL_Driver/Src/stm32f4xx_hal_uart.o
 .text.__errno  0x0000000008002c90        0xc /opt/st/stm32cubeide_1.7.0_2/plugins/com.st.stm32cube.ide.mcu.externaltools.gnu-tools-for-stm32.9-2020-q2-update.linux64_2.0.0.202105311346/tools/bin/../lib/gcc/arm-none-eabi/9.3.1/../../../../arm-none-eabi/lib/thumb/v7e-m+fp/hard/libc_nano.a(lib_a-errno.o)
                0x0000000008002c90                __errno
 .text.__libc_init_array
                0x0000000008002c9c       0x48 /opt/st/stm32cubeide_1.7.0_2/plugins/com.st.stm32cube.ide.mcu.externaltools.gnu-tools-for-stm32.9-2020-q2-update.linux64_2.0.0.202105311346/tools/bin/../lib/gcc/arm-none-eabi/9.3.1/../../../../arm-none-eabi/lib/thumb/v7e-m+fp/hard/libc_nano.a(lib_a-init.o)
                0x0000000008002c9c                __libc_init_array
 .text.memset   0x0000000008002ce4       0x10 /opt/st/stm32cubeide_1.7.0_2/plugins/com.st.stm32cube.ide.mcu.externaltools.gnu-tools-for-stm32.9-2020-q2-update.linux64_2.0.0.202105311346/tools/bin/../lib/gcc/arm-none-eabi/9.3.1/../../../../arm-none-eabi/lib/thumb/v7e-m+fp/hard/libc_nano.a(lib_a-memset.o)
                0x0000000008002ce4                memset
 .text.sprintf  0x0000000008002cf4       0x40 /opt/st/stm32cubeide_1.7.0_2/plugins/com.st.stm32cube.ide.mcu.externaltools.gnu-tools-for-stm32.9-2020-q2-update.linux64_2.0.0.202105311346/tools/bin/../lib/gcc/arm-none-eabi/9.3.1/../../../../arm-none-eabi/lib/thumb/v7e-m+fp/hard/libc_nano.a(lib_a-sprintf.o)
                0x0000000008002cf4                sprintf
                0x0000000008002cf4                siprintf
 .text.__ssputs_r
                0x0000000008002d34       0xb6 /opt/st/stm32cubeide_1.7.0_2/plugins/com.st.stm32cube.ide.mcu.externaltools.gnu-tools-for-stm32.9-2020-q2-update.linux64_2.0.0.202105311346/tools/bin/../lib/gcc/arm-none-eabi/9.3.1/../../../../arm-none-eabi/lib/thumb/v7e-m+fp/hard/libc_nano.a(lib_a-nano-svfprintf.o)
                0x0000000008002d34                __ssputs_r
 *fill*         0x0000000008002dea        0x2 
 .text._svfprintf_r
                0x0000000008002dec      0x200 /opt/st/stm32cubeide_1.7.0_2/plugins/com.st.stm32cube.ide.mcu.externaltools.gnu-tools-for-stm32.9-2020-q2-update.linux64_2.0.0.202105311346/tools/bin/../lib/gcc/arm-none-eabi/9.3.1/../../../../arm-none-eabi/lib/thumb/v7e-m+fp/hard/libc_nano.a(lib_a-nano-svfprintf.o)
                0x0000000008002dec                _svfprintf_r
                0x0000000008002dec                _svfiprintf_r
 .text._printf_common
                0x0000000008002fec       0xda /opt/st/stm32cubeide_1.7.0_2/plugins/com.st.stm32cube.ide.mcu.externaltools.gnu-tools-for-stm32.9-2020-q2-update.linux64_2.0.0.202105311346/tools/bin/../lib/gcc/arm-none-eabi/9.3.1/../../../../arm-none-eabi/lib/thumb/v7e-m+fp/hard/libc_nano.a(lib_a-nano-vfprintf_i.o)
                0x0000000008002fec                _printf_common
 *fill*         0x00000000080030c6        0x2 
 .text._printf_i
                0x00000000080030c8      0x24c /opt/st/stm32cubeide_1.7.0_2/plugins/com.st.stm32cube.ide.mcu.externaltools.gnu-tools-for-stm32.9-2020-q2-update.linux64_2.0.0.202105311346/tools/bin/../lib/gcc/arm-none-eabi/9.3.1/../../../../arm-none-eabi/lib/thumb/v7e-m+fp/hard/libc_nano.a(lib_a-nano-vfprintf_i.o)
                0x00000000080030c8                _printf_i
 .text.memcpy   0x0000000008003314       0x1c /opt/st/stm32cubeide_1.7.0_2/plugins/com.st.stm32cube.ide.mcu.externaltools.gnu-tools-for-stm32.9-2020-q2-update.linux64_2.0.0.202105311346/tools/bin/../lib/gcc/arm-none-eabi/9.3.1/../../../../arm-none-eabi/lib/thumb/v7e-m+fp/hard/libc_nano.a(lib_a-memcpy-stub.o)
                0x0000000008003314                memcpy
 .text.memmove  0x0000000008003330       0x34 /opt/st/stm32cubeide_1.7.0_2/plugins/com.st.stm32cube.ide.mcu.externaltools.gnu-tools-for-stm32.9-2020-q2-update.linux64_2.0.0.202105311346/tools/bin/../lib/gcc/arm-none-eabi/9.3.1/../../../../arm-none-eabi/lib/thumb/v7e-m+fp/hard/libc_nano.a(lib_a-memmove.o)
                0x0000000008003330                memmove
 .text._free_r  0x0000000008003364       0xa0 /opt/st/stm32cubeide_1.7.0_2/plugins/com.st.stm32cube.ide.mcu.externaltools.gnu-tools-for-stm32.9-2020-q2-update.linux64_2.0.0.202105311346/tools/bin/../lib/gcc/arm-none-eabi/9.3.1/../../../../arm-none-eabi/lib/thumb/v7e-m+fp/hard/libc_nano.a(lib_a-nano-freer.o)
                0x0000000008003364                _free_r
 .text._malloc_r
                0x0000000008003404       0xb4 /opt/st/stm32cubeide_1.7.0_2/plugins/com.st.stm32cube.ide.mcu.externaltools.gnu-tools-for-stm32.9-2020-q2-update.linux64_2.0.0.202105311346/tools/bin/../lib/gcc/arm-none-eabi/9.3.1/../../../../arm-none-eabi/lib/thumb/v7e-m+fp/hard/libc_nano.a(lib_a-nano-mallocr.o)
                0x0000000008003404                _malloc_r
 .text._realloc_r
                0x00000000080034b8       0x4c /opt/st/stm32cubeide_1.7.0_2/plugins/com.st.stm32cube.ide.mcu.externaltools.gnu-tools-for-stm32.9-2020-q2-update.linux64_2.0.0.202105311346/tools/bin/../lib/gcc/arm-none-eabi/9.3.1/../../../../arm-none-eabi/lib/thumb/v7e-m+fp/hard/libc_nano.a(lib_a-nano-reallocr.o)
                0x00000000080034b8                _realloc_r
 .text._sbrk_r  0x0000000008003504       0x20 /opt/st/stm32cubeide_1.7.0_2/plugins/com.st.stm32cube.ide.mcu.externaltools.gnu-tools-for-stm32.9-2020-q2-update.linux64_2.0.0.202105311346/tools/bin/../lib/gcc/arm-none-eabi/9.3.1/../../../../arm-none-eabi/lib/thumb/v7e-m+fp/hard/libc_nano.a(lib_a-sbrkr.o)
                0x0000000008003504                _sbrk_r
 .text.__malloc_lock
                0x0000000008003524        0xc /opt/st/stm32cubeide_1.7.0_2/plugins/com.st.stm32cube.ide.mcu.externaltools.gnu-tools-for-stm32.9-2020-q2-update.linux64_2.0.0.202105311346/tools/bin/../lib/gcc/arm-none-eabi/9.3.1/../../../../arm-none-eabi/lib/thumb/v7e-m+fp/hard/libc_nano.a(lib_a-mlock.o)
                0x0000000008003524                __malloc_lock
 .text.__malloc_unlock
                0x0000000008003530        0xc /opt/st/stm32cubeide_1.7.0_2/plugins/com.st.stm32cube.ide.mcu.externaltools.gnu-tools-for-stm32.9-2020-q2-update.linux64_2.0.0.202105311346/tools/bin/../lib/gcc/arm-none-eabi/9.3.1/../../../../arm-none-eabi/lib/thumb/v7e-m+fp/hard/libc_nano.a(lib_a-mlock.o)
                0x0000000008003530                __malloc_unlock
 .text._malloc_usable_size_r
                0x000000000800353c       0x10 /opt/st/stm32cubeide_1.7.0_2/plugins/com.st.stm32cube.ide.mcu.externaltools.gnu-tools-for-stm32.9-2020-q2-update.linux64_2.0.0.202105311346/tools/bin/../lib/gcc/arm-none-eabi/9.3.1/../../../../arm-none-eabi/lib/thumb/v7e-m+fp/hard/libc_nano.a(lib_a-nano-msizer.o)
                0x000000000800353c                _malloc_usable_size_r
 .text.__retarget_lock_acquire_recursive
                0x000000000800354c        0x2 /opt/st/stm32cubeide_1.7.0_2/plugins/com.st.stm32cube.ide.mcu.externaltools.gnu-tools-for-stm32.9-2020-q2-update.linux64_2.0.0.202105311346/tools/bin/../lib/gcc/arm-none-eabi/9.3.1/../../../../arm-none-eabi/lib/thumb/v7e-m+fp/hard/libc_nano.a(lib_a-lock.o)
                0x000000000800354c                __retarget_lock_acquire_recursive
 .text.__retarget_lock_release_recursive
                0x000000000800354e        0x2 /opt/st/stm32cubeide_1.7.0_2/plugins/com.st.stm32cube.ide.mcu.externaltools.gnu-tools-for-stm32.9-2020-q2-update.linux64_2.0.0.202105311346/tools/bin/../lib/gcc/arm-none-eabi/9.3.1/../../../../arm-none-eabi/lib/thumb/v7e-m+fp/hard/libc_nano.a(lib_a-lock.o)
                0x000000000800354e                __retarget_lock_release_recursive
 *(.glue_7)
 .glue_7        0x0000000008003550        0x0 linker stubs
 *(.glue_7t)
 .glue_7t       0x0000000008003550        0x0 linker stubs
 *(.eh_frame)
 .eh_frame      0x0000000008003550        0x0 /opt/st/stm32cubeide_1.7.0_2/plugins/com.st.stm32cube.ide.mcu.externaltools.gnu-tools-for-stm32.9-2020-q2-update.linux64_2.0.0.202105311346/tools/bin/../lib/gcc/arm-none-eabi/9.3.1/thumb/v7e-m+fp/hard/crtbegin.o
 *(.init)
 .init          0x0000000008003550        0x4 /opt/st/stm32cubeide_1.7.0_2/plugins/com.st.stm32cube.ide.mcu.externaltools.gnu-tools-for-stm32.9-2020-q2-update.linux64_2.0.0.202105311346/tools/bin/../lib/gcc/arm-none-eabi/9.3.1/thumb/v7e-m+fp/hard/crti.o
                0x0000000008003550                _init
 .init          0x0000000008003554        0x8 /opt/st/stm32cubeide_1.7.0_2/plugins/com.st.stm32cube.ide.mcu.externaltools.gnu-tools-for-stm32.9-2020-q2-update.linux64_2.0.0.202105311346/tools/bin/../lib/gcc/arm-none-eabi/9.3.1/thumb/v7e-m+fp/hard/crtn.o
 *(.fini)
 .fini          0x000000000800355c        0x4 /opt/st/stm32cubeide_1.7.0_2/plugins/com.st.stm32cube.ide.mcu.externaltools.gnu-tools-for-stm32.9-2020-q2-update.linux64_2.0.0.202105311346/tools/bin/../lib/gcc/arm-none-eabi/9.3.1/thumb/v7e-m+fp/hard/crti.o
                0x000000000800355c                _fini
 .fini          0x0000000008003560        0x8 /opt/st/stm32cubeide_1.7.0_2/plugins/com.st.stm32cube.ide.mcu.externaltools.gnu-tools-for-stm32.9-2020-q2-update.linux64_2.0.0.202105311346/tools/bin/../lib/gcc/arm-none-eabi/9.3.1/thumb/v7e-m+fp/hard/crtn.o
                0x0000000008003568                . = ALIGN (0x4)
                0x0000000008003568                _etext = .

.vfp11_veneer   0x0000000008003568        0x0
 .vfp11_veneer  0x0000000008003568        0x0 linker stubs

.v4_bx          0x0000000008003568        0x0
 .v4_bx         0x0000000008003568        0x0 linker stubs

.iplt           0x0000000008003568        0x0
 .iplt          0x0000000008003568        0x0 /opt/st/stm32cubeide_1.7.0_2/plugins/com.st.stm32cube.ide.mcu.externaltools.gnu-tools-for-stm32.9-2020-q2-update.linux64_2.0.0.202105311346/tools/bin/../lib/gcc/arm-none-eabi/9.3.1/thumb/v7e-m+fp/hard/crtbegin.o

.rodata         0x0000000008003568       0x70
                0x0000000008003568                . = ALIGN (0x4)
 *(.rodata)
 .rodata        0x0000000008003568       0x22 ./Core/Src/main.o
 *(.rodata*)
 *fill*         0x000000000800358a        0x2 
 .rodata.AHBPrescTable
                0x000000000800358c       0x10 ./Core/Src/system_stm32f4xx.o
                0x000000000800358c                AHBPrescTable
 .rodata.APBPrescTable
                0x000000000800359c        0x8 ./Core/Src/system_stm32f4xx.o
                0x000000000800359c                APBPrescTable
 .rodata._svfprintf_r.str1.1
                0x00000000080035a4       0x11 /opt/st/stm32cubeide_1.7.0_2/plugins/com.st.stm32cube.ide.mcu.externaltools.gnu-tools-for-stm32.9-2020-q2-update.linux64_2.0.0.202105311346/tools/bin/../lib/gcc/arm-none-eabi/9.3.1/../../../../arm-none-eabi/lib/thumb/v7e-m+fp/hard/libc_nano.a(lib_a-nano-svfprintf.o)
 .rodata._printf_i.str1.1
                0x00000000080035b5       0x22 /opt/st/stm32cubeide_1.7.0_2/plugins/com.st.stm32cube.ide.mcu.externaltools.gnu-tools-for-stm32.9-2020-q2-update.linux64_2.0.0.202105311346/tools/bin/../lib/gcc/arm-none-eabi/9.3.1/../../../../arm-none-eabi/lib/thumb/v7e-m+fp/hard/libc_nano.a(lib_a-nano-vfprintf_i.o)
                0x00000000080035d8                . = ALIGN (0x4)
 *fill*         0x00000000080035d7        0x1 

.ARM.extab      0x00000000080035d8        0x0
                0x00000000080035d8                . = ALIGN (0x4)
 *(.ARM.extab* .gnu.linkonce.armextab.*)
                0x00000000080035d8                . = ALIGN (0x4)

.ARM            0x00000000080035d8        0x8
                0x00000000080035d8                . = ALIGN (0x4)
                0x00000000080035d8                __exidx_start = .
 *(.ARM.exidx*)
 .ARM.exidx     0x00000000080035d8        0x8 /opt/st/stm32cubeide_1.7.0_2/plugins/com.st.stm32cube.ide.mcu.externaltools.gnu-tools-for-stm32.9-2020-q2-update.linux64_2.0.0.202105311346/tools/bin/../lib/gcc/arm-none-eabi/9.3.1/thumb/v7e-m+fp/hard/libgcc.a(_udivmoddi4.o)
                0x00000000080035e0                __exidx_end = .
                0x00000000080035e0                . = ALIGN (0x4)

.rel.dyn        0x00000000080035e0        0x0
 .rel.iplt      0x00000000080035e0        0x0 /opt/st/stm32cubeide_1.7.0_2/plugins/com.st.stm32cube.ide.mcu.externaltools.gnu-tools-for-stm32.9-2020-q2-update.linux64_2.0.0.202105311346/tools/bin/../lib/gcc/arm-none-eabi/9.3.1/thumb/v7e-m+fp/hard/crtbegin.o

.preinit_array  0x00000000080035e0        0x0
                0x00000000080035e0                . = ALIGN (0x4)
                0x00000000080035e0                PROVIDE (__preinit_array_start = .)
 *(.preinit_array*)
                0x00000000080035e0                PROVIDE (__preinit_array_end = .)
                0x00000000080035e0                . = ALIGN (0x4)

.init_array     0x00000000080035e0        0x4
                0x00000000080035e0                . = ALIGN (0x4)
                0x00000000080035e0                PROVIDE (__init_array_start = .)
 *(SORT_BY_NAME(.init_array.*))
 *(.init_array*)
 .init_array    0x00000000080035e0        0x4 /opt/st/stm32cubeide_1.7.0_2/plugins/com.st.stm32cube.ide.mcu.externaltools.gnu-tools-for-stm32.9-2020-q2-update.linux64_2.0.0.202105311346/tools/bin/../lib/gcc/arm-none-eabi/9.3.1/thumb/v7e-m+fp/hard/crtbegin.o
                0x00000000080035e4                PROVIDE (__init_array_end = .)
                0x00000000080035e4                . = ALIGN (0x4)

.fini_array     0x00000000080035e4        0x4
                0x00000000080035e4                . = ALIGN (0x4)
                [!provide]                        PROVIDE (__fini_array_start = .)
 *(SORT_BY_NAME(.fini_array.*))
 *(.fini_array*)
 .fini_array    0x00000000080035e4        0x4 /opt/st/stm32cubeide_1.7.0_2/plugins/com.st.stm32cube.ide.mcu.externaltools.gnu-tools-for-stm32.9-2020-q2-update.linux64_2.0.0.202105311346/tools/bin/../lib/gcc/arm-none-eabi/9.3.1/thumb/v7e-m+fp/hard/crtbegin.o
                [!provide]                        PROVIDE (__fini_array_end = .)
                0x00000000080035e8                . = ALIGN (0x4)
                0x00000000080035e8                _sidata = LOADADDR (.data)

.data           0x0000000020000000       0x78 load address 0x00000000080035e8
                0x0000000020000000                . = ALIGN (0x4)
                0x0000000020000000                _sdata = .
 *(.data)
 *(.data*)
 .data.temperatura
                0x0000000020000000        0x4 ./Core/Src/AHT10.o
                0x0000000020000000                temperatura
 .data.humedad  0x0000000020000004        0x4 ./Core/Src/AHT10.o
                0x0000000020000004                humedad
 .data.SystemCoreClock
                0x0000000020000008        0x4 ./Core/Src/system_stm32f4xx.o
                0x0000000020000008                SystemCoreClock
 .data.uwTickPrio
                0x000000002000000c        0x4 ./Drivers/STM32F4xx_HAL_Driver/Src/stm32f4xx_hal.o
                0x000000002000000c                uwTickPrio
 .data.uwTickFreq
                0x0000000020000010        0x1 ./Drivers/STM32F4xx_HAL_Driver/Src/stm32f4xx_hal.o
                0x0000000020000010                uwTickFreq
 *fill*         0x0000000020000011        0x3 
 .data._impure_ptr
                0x0000000020000014        0x4 /opt/st/stm32cubeide_1.7.0_2/plugins/com.st.stm32cube.ide.mcu.externaltools.gnu-tools-for-stm32.9-2020-q2-update.linux64_2.0.0.202105311346/tools/bin/../lib/gcc/arm-none-eabi/9.3.1/../../../../arm-none-eabi/lib/thumb/v7e-m+fp/hard/libc_nano.a(lib_a-impure.o)
                0x0000000020000014                _impure_ptr
 .data.impure_data
                0x0000000020000018       0x60 /opt/st/stm32cubeide_1.7.0_2/plugins/com.st.stm32cube.ide.mcu.externaltools.gnu-tools-for-stm32.9-2020-q2-update.linux64_2.0.0.202105311346/tools/bin/../lib/gcc/arm-none-eabi/9.3.1/../../../../arm-none-eabi/lib/thumb/v7e-m+fp/hard/libc_nano.a(lib_a-impure.o)
 *(.RamFunc)
 *(.RamFunc*)
                0x0000000020000078                . = ALIGN (0x4)
                0x0000000020000078                _edata = .
                0x0000000008003660                _siccmram = LOADADDR (.ccmram)

.igot.plt       0x0000000020000078        0x0 load address 0x0000000008003660
 .igot.plt      0x0000000020000078        0x0 /opt/st/stm32cubeide_1.7.0_2/plugins/com.st.stm32cube.ide.mcu.externaltools.gnu-tools-for-stm32.9-2020-q2-update.linux64_2.0.0.202105311346/tools/bin/../lib/gcc/arm-none-eabi/9.3.1/thumb/v7e-m+fp/hard/crtbegin.o

.ccmram         0x0000000010000000        0x0 load address 0x0000000008003660
                0x0000000010000000                . = ALIGN (0x4)
                0x0000000010000000                _sccmram = .
 *(.ccmram)
 *(.ccmram*)
                0x0000000010000000                . = ALIGN (0x4)
                0x0000000010000000                _eccmram = .
                0x0000000010000000                . = ALIGN (0x4)

.bss            0x0000000020000078       0xe4
                0x0000000020000078                _sbss = .
                0x0000000020000078                __bss_start__ = _sbss
 *(.bss)
 .bss           0x0000000020000078       0x1c /opt/st/stm32cubeide_1.7.0_2/plugins/com.st.stm32cube.ide.mcu.externaltools.gnu-tools-for-stm32.9-2020-q2-update.linux64_2.0.0.202105311346/tools/bin/../lib/gcc/arm-none-eabi/9.3.1/thumb/v7e-m+fp/hard/crtbegin.o
 *(.bss*)
 .bss.size      0x0000000020000094        0x2 ./Core/Src/AHT10.o
 *fill*         0x0000000020000096        0x2 
 .bss.__sbrk_heap_end
                0x0000000020000098        0x4 ./Core/Src/sysmem.o
 .bss.__malloc_free_list
                0x000000002000009c        0x4 /opt/st/stm32cubeide_1.7.0_2/plugins/com.st.stm32cube.ide.mcu.externaltools.gnu-tools-for-stm32.9-2020-q2-update.linux64_2.0.0.202105311346/tools/bin/../lib/gcc/arm-none-eabi/9.3.1/../../../../arm-none-eabi/lib/thumb/v7e-m+fp/hard/libc_nano.a(lib_a-nano-mallocr.o)
                0x000000002000009c                __malloc_free_list
 .bss.__malloc_sbrk_start
                0x00000000200000a0        0x4 /opt/st/stm32cubeide_1.7.0_2/plugins/com.st.stm32cube.ide.mcu.externaltools.gnu-tools-for-stm32.9-2020-q2-update.linux64_2.0.0.202105311346/tools/bin/../lib/gcc/arm-none-eabi/9.3.1/../../../../arm-none-eabi/lib/thumb/v7e-m+fp/hard/libc_nano.a(lib_a-nano-mallocr.o)
                0x00000000200000a0                __malloc_sbrk_start
 *(COMMON)
 COMMON         0x00000000200000a4        0xa ./Core/Src/AHT10.o
                0x00000000200000a4                buffer_transmission
                0x00000000200000a8                buffer_read
 *fill*         0x00000000200000ae        0x2 
 COMMON         0x00000000200000b0       0x54 ./Core/Src/AHT10_Port.o
                0x00000000200000b0                hi2c1
 COMMON         0x0000000020000104       0x44 ./Core/Src/main.o
                0x0000000020000104                huart3
 COMMON         0x0000000020000148        0x4 ./Drivers/STM32F4xx_HAL_Driver/Src/stm32f4xx_hal.o
                0x0000000020000148                uwTick
 COMMON         0x000000002000014c        0x4 /opt/st/stm32cubeide_1.7.0_2/plugins/com.st.stm32cube.ide.mcu.externaltools.gnu-tools-for-stm32.9-2020-q2-update.linux64_2.0.0.202105311346/tools/bin/../lib/gcc/arm-none-eabi/9.3.1/../../../../arm-none-eabi/lib/thumb/v7e-m+fp/hard/libc_nano.a(lib_a-reent.o)
                0x000000002000014c                errno
 COMMON         0x0000000020000150        0x9 /opt/st/stm32cubeide_1.7.0_2/plugins/com.st.stm32cube.ide.mcu.externaltools.gnu-tools-for-stm32.9-2020-q2-update.linux64_2.0.0.202105311346/tools/bin/../lib/gcc/arm-none-eabi/9.3.1/../../../../arm-none-eabi/lib/thumb/v7e-m+fp/hard/libc_nano.a(lib_a-lock.o)
                0x0000000020000150                __lock___atexit_recursive_mutex
                0x0000000020000151                __lock___arc4random_mutex
                0x0000000020000152                __lock___env_recursive_mutex
                0x0000000020000153                __lock___sinit_recursive_mutex
                0x0000000020000154                __lock___malloc_recursive_mutex
                0x0000000020000155                __lock___at_quick_exit_mutex
                0x0000000020000156                __lock___dd_hash_mutex
                0x0000000020000157                __lock___tz_mutex
                0x0000000020000158                __lock___sfp_recursive_mutex
                0x000000002000015c                . = ALIGN (0x4)
 *fill*         0x0000000020000159        0x3 
                0x000000002000015c                _ebss = .
                0x000000002000015c                __bss_end__ = _ebss

._user_heap_stack
                0x000000002000015c      0x604
                0x0000000020000160                . = ALIGN (0x8)
 *fill*         0x000000002000015c        0x4 
                [!provide]                        PROVIDE (end = .)
                0x0000000020000160                PROVIDE (_end = .)
                0x0000000020000360                . = (. + _Min_Heap_Size)
 *fill*         0x0000000020000160      0x200 
                0x0000000020000760                . = (. + _Min_Stack_Size)
 *fill*         0x0000000020000360      0x400 
                0x0000000020000760                . = ALIGN (0x8)

/DISCARD/
 libc.a(*)
 libm.a(*)
 libgcc.a(*)

.ARM.attributes
                0x0000000000000000       0x30
 *(.ARM.attributes)
 .ARM.attributes
                0x0000000000000000       0x1e /opt/st/stm32cubeide_1.7.0_2/plugins/com.st.stm32cube.ide.mcu.externaltools.gnu-tools-for-stm32.9-2020-q2-update.linux64_2.0.0.202105311346/tools/bin/../lib/gcc/arm-none-eabi/9.3.1/thumb/v7e-m+fp/hard/crti.o
 .ARM.attributes
                0x000000000000001e       0x34 /opt/st/stm32cubeide_1.7.0_2/plugins/com.st.stm32cube.ide.mcu.externaltools.gnu-tools-for-stm32.9-2020-q2-update.linux64_2.0.0.202105311346/tools/bin/../lib/gcc/arm-none-eabi/9.3.1/thumb/v7e-m+fp/hard/crtbegin.o
 .ARM.attributes
                0x0000000000000052       0x34 ./Core/Src/AHT10.o
 .ARM.attributes
                0x0000000000000086       0x34 ./Core/Src/AHT10_Port.o
 .ARM.attributes
                0x00000000000000ba       0x34 ./Core/Src/main.o
 .ARM.attributes
                0x00000000000000ee       0x34 ./Core/Src/stm32f4xx_hal_msp.o
 .ARM.attributes
                0x0000000000000122       0x34 ./Core/Src/stm32f4xx_it.o
 .ARM.attributes
                0x0000000000000156       0x34 ./Core/Src/sysmem.o
 .ARM.attributes
                0x000000000000018a       0x34 ./Core/Src/system_stm32f4xx.o
 .ARM.attributes
                0x00000000000001be       0x21 ./Core/Startup/startup_stm32f429zitx.o
 .ARM.attributes
                0x00000000000001df       0x34 ./Drivers/STM32F4xx_HAL_Driver/Src/stm32f4xx_hal.o
 .ARM.attributes
                0x0000000000000213       0x34 ./Drivers/STM32F4xx_HAL_Driver/Src/stm32f4xx_hal_cortex.o
 .ARM.attributes
                0x0000000000000247       0x34 ./Drivers/STM32F4xx_HAL_Driver/Src/stm32f4xx_hal_gpio.o
 .ARM.attributes
                0x000000000000027b       0x34 ./Drivers/STM32F4xx_HAL_Driver/Src/stm32f4xx_hal_i2c.o
 .ARM.attributes
                0x00000000000002af       0x34 ./Drivers/STM32F4xx_HAL_Driver/Src/stm32f4xx_hal_rcc.o
 .ARM.attributes
                0x00000000000002e3       0x34 ./Drivers/STM32F4xx_HAL_Driver/Src/stm32f4xx_hal_uart.o
 .ARM.attributes
                0x0000000000000317       0x34 /opt/st/stm32cubeide_1.7.0_2/plugins/com.st.stm32cube.ide.mcu.externaltools.gnu-tools-for-stm32.9-2020-q2-update.linux64_2.0.0.202105311346/tools/bin/../lib/gcc/arm-none-eabi/9.3.1/../../../../arm-none-eabi/lib/thumb/v7e-m+fp/hard/libc_nano.a(lib_a-errno.o)
 .ARM.attributes
                0x000000000000034b       0x32 /opt/st/stm32cubeide_1.7.0_2/plugins/com.st.stm32cube.ide.mcu.externaltools.gnu-tools-for-stm32.9-2020-q2-update.linux64_2.0.0.202105311346/tools/bin/../lib/gcc/arm-none-eabi/9.3.1/../../../../arm-none-eabi/lib/thumb/v7e-m+fp/hard/libc_nano.a(lib_a-impure.o)
 .ARM.attributes
                0x000000000000037d       0x34 /opt/st/stm32cubeide_1.7.0_2/plugins/com.st.stm32cube.ide.mcu.externaltools.gnu-tools-for-stm32.9-2020-q2-update.linux64_2.0.0.202105311346/tools/bin/../lib/gcc/arm-none-eabi/9.3.1/../../../../arm-none-eabi/lib/thumb/v7e-m+fp/hard/libc_nano.a(lib_a-init.o)
 .ARM.attributes
                0x00000000000003b1       0x34 /opt/st/stm32cubeide_1.7.0_2/plugins/com.st.stm32cube.ide.mcu.externaltools.gnu-tools-for-stm32.9-2020-q2-update.linux64_2.0.0.202105311346/tools/bin/../lib/gcc/arm-none-eabi/9.3.1/../../../../arm-none-eabi/lib/thumb/v7e-m+fp/hard/libc_nano.a(lib_a-memset.o)
 .ARM.attributes
                0x00000000000003e5       0x34 /opt/st/stm32cubeide_1.7.0_2/plugins/com.st.stm32cube.ide.mcu.externaltools.gnu-tools-for-stm32.9-2020-q2-update.linux64_2.0.0.202105311346/tools/bin/../lib/gcc/arm-none-eabi/9.3.1/../../../../arm-none-eabi/lib/thumb/v7e-m+fp/hard/libc_nano.a(lib_a-sprintf.o)
 .ARM.attributes
                0x0000000000000419       0x17 /opt/st/stm32cubeide_1.7.0_2/plugins/com.st.stm32cube.ide.mcu.externaltools.gnu-tools-for-stm32.9-2020-q2-update.linux64_2.0.0.202105311346/tools/bin/../lib/gcc/arm-none-eabi/9.3.1/../../../../arm-none-eabi/lib/thumb/v7e-m+fp/hard/libc_nano.a(lib_a-strlen.o)
 .ARM.attributes
                0x0000000000000430       0x34 /opt/st/stm32cubeide_1.7.0_2/plugins/com.st.stm32cube.ide.mcu.externaltools.gnu-tools-for-stm32.9-2020-q2-update.linux64_2.0.0.202105311346/tools/bin/../lib/gcc/arm-none-eabi/9.3.1/../../../../arm-none-eabi/lib/thumb/v7e-m+fp/hard/libc_nano.a(lib_a-nano-svfprintf.o)
 .ARM.attributes
                0x0000000000000464       0x34 /opt/st/stm32cubeide_1.7.0_2/plugins/com.st.stm32cube.ide.mcu.externaltools.gnu-tools-for-stm32.9-2020-q2-update.linux64_2.0.0.202105311346/tools/bin/../lib/gcc/arm-none-eabi/9.3.1/../../../../arm-none-eabi/lib/thumb/v7e-m+fp/hard/libc_nano.a(lib_a-nano-vfprintf_i.o)
 .ARM.attributes
                0x0000000000000498       0x1c /opt/st/stm32cubeide_1.7.0_2/plugins/com.st.stm32cube.ide.mcu.externaltools.gnu-tools-for-stm32.9-2020-q2-update.linux64_2.0.0.202105311346/tools/bin/../lib/gcc/arm-none-eabi/9.3.1/../../../../arm-none-eabi/lib/thumb/v7e-m+fp/hard/libc_nano.a(lib_a-memchr.o)
 .ARM.attributes
                0x00000000000004b4       0x34 /opt/st/stm32cubeide_1.7.0_2/plugins/com.st.stm32cube.ide.mcu.externaltools.gnu-tools-for-stm32.9-2020-q2-update.linux64_2.0.0.202105311346/tools/bin/../lib/gcc/arm-none-eabi/9.3.1/../../../../arm-none-eabi/lib/thumb/v7e-m+fp/hard/libc_nano.a(lib_a-memcpy-stub.o)
 .ARM.attributes
                0x00000000000004e8       0x34 /opt/st/stm32cubeide_1.7.0_2/plugins/com.st.stm32cube.ide.mcu.externaltools.gnu-tools-for-stm32.9-2020-q2-update.linux64_2.0.0.202105311346/tools/bin/../lib/gcc/arm-none-eabi/9.3.1/../../../../arm-none-eabi/lib/thumb/v7e-m+fp/hard/libc_nano.a(lib_a-memmove.o)
 .ARM.attributes
                0x000000000000051c       0x34 /opt/st/stm32cubeide_1.7.0_2/plugins/com.st.stm32cube.ide.mcu.externaltools.gnu-tools-for-stm32.9-2020-q2-update.linux64_2.0.0.202105311346/tools/bin/../lib/gcc/arm-none-eabi/9.3.1/../../../../arm-none-eabi/lib/thumb/v7e-m+fp/hard/libc_nano.a(lib_a-nano-freer.o)
 .ARM.attributes
                0x0000000000000550       0x34 /opt/st/stm32cubeide_1.7.0_2/plugins/com.st.stm32cube.ide.mcu.externaltools.gnu-tools-for-stm32.9-2020-q2-update.linux64_2.0.0.202105311346/tools/bin/../lib/gcc/arm-none-eabi/9.3.1/../../../../arm-none-eabi/lib/thumb/v7e-m+fp/hard/libc_nano.a(lib_a-nano-mallocr.o)
 .ARM.attributes
                0x0000000000000584       0x34 /opt/st/stm32cubeide_1.7.0_2/plugins/com.st.stm32cube.ide.mcu.externaltools.gnu-tools-for-stm32.9-2020-q2-update.linux64_2.0.0.202105311346/tools/bin/../lib/gcc/arm-none-eabi/9.3.1/../../../../arm-none-eabi/lib/thumb/v7e-m+fp/hard/libc_nano.a(lib_a-nano-reallocr.o)
 .ARM.attributes
                0x00000000000005b8       0x34 /opt/st/stm32cubeide_1.7.0_2/plugins/com.st.stm32cube.ide.mcu.externaltools.gnu-tools-for-stm32.9-2020-q2-update.linux64_2.0.0.202105311346/tools/bin/../lib/gcc/arm-none-eabi/9.3.1/../../../../arm-none-eabi/lib/thumb/v7e-m+fp/hard/libc_nano.a(lib_a-sbrkr.o)
 .ARM.attributes
                0x00000000000005ec       0x34 /opt/st/stm32cubeide_1.7.0_2/plugins/com.st.stm32cube.ide.mcu.externaltools.gnu-tools-for-stm32.9-2020-q2-update.linux64_2.0.0.202105311346/tools/bin/../lib/gcc/arm-none-eabi/9.3.1/../../../../arm-none-eabi/lib/thumb/v7e-m+fp/hard/libc_nano.a(lib_a-mlock.o)
 .ARM.attributes
                0x0000000000000620       0x34 /opt/st/stm32cubeide_1.7.0_2/plugins/com.st.stm32cube.ide.mcu.externaltools.gnu-tools-for-stm32.9-2020-q2-update.linux64_2.0.0.202105311346/tools/bin/../lib/gcc/arm-none-eabi/9.3.1/../../../../arm-none-eabi/lib/thumb/v7e-m+fp/hard/libc_nano.a(lib_a-nano-msizer.o)
 .ARM.attributes
                0x0000000000000654       0x34 /opt/st/stm32cubeide_1.7.0_2/plugins/com.st.stm32cube.ide.mcu.externaltools.gnu-tools-for-stm32.9-2020-q2-update.linux64_2.0.0.202105311346/tools/bin/../lib/gcc/arm-none-eabi/9.3.1/../../../../arm-none-eabi/lib/thumb/v7e-m+fp/hard/libc_nano.a(lib_a-reent.o)
 .ARM.attributes
                0x0000000000000688       0x34 /opt/st/stm32cubeide_1.7.0_2/plugins/com.st.stm32cube.ide.mcu.externaltools.gnu-tools-for-stm32.9-2020-q2-update.linux64_2.0.0.202105311346/tools/bin/../lib/gcc/arm-none-eabi/9.3.1/../../../../arm-none-eabi/lib/thumb/v7e-m+fp/hard/libc_nano.a(lib_a-lock.o)
 .ARM.attributes
                0x00000000000006bc       0x1e /opt/st/stm32cubeide_1.7.0_2/plugins/com.st.stm32cube.ide.mcu.externaltools.gnu-tools-for-stm32.9-2020-q2-update.linux64_2.0.0.202105311346/tools/bin/../lib/gcc/arm-none-eabi/9.3.1/thumb/v7e-m+fp/hard/libgcc.a(_aeabi_uldivmod.o)
 .ARM.attributes
                0x00000000000006da       0x34 /opt/st/stm32cubeide_1.7.0_2/plugins/com.st.stm32cube.ide.mcu.externaltools.gnu-tools-for-stm32.9-2020-q2-update.linux64_2.0.0.202105311346/tools/bin/../lib/gcc/arm-none-eabi/9.3.1/thumb/v7e-m+fp/hard/libgcc.a(_udivmoddi4.o)
 .ARM.attributes
                0x000000000000070e       0x1e /opt/st/stm32cubeide_1.7.0_2/plugins/com.st.stm32cube.ide.mcu.externaltools.gnu-tools-for-stm32.9-2020-q2-update.linux64_2.0.0.202105311346/tools/bin/../lib/gcc/arm-none-eabi/9.3.1/thumb/v7e-m+fp/hard/libgcc.a(_dvmd_tls.o)
 .ARM.attributes
                0x000000000000072c       0x1e /opt/st/stm32cubeide_1.7.0_2/plugins/com.st.stm32cube.ide.mcu.externaltools.gnu-tools-for-stm32.9-2020-q2-update.linux64_2.0.0.202105311346/tools/bin/../lib/gcc/arm-none-eabi/9.3.1/thumb/v7e-m+fp/hard/crtn.o
OUTPUT(AHT10_F.elf elf32-littlearm)
LOAD linker stubs
LOAD /opt/st/stm32cubeide_1.7.0_2/plugins/com.st.stm32cube.ide.mcu.externaltools.gnu-tools-for-stm32.9-2020-q2-update.linux64_2.0.0.202105311346/tools/bin/../lib/gcc/arm-none-eabi/9.3.1/../../../../arm-none-eabi/lib/thumb/v7e-m+fp/hard/libc.a
LOAD /opt/st/stm32cubeide_1.7.0_2/plugins/com.st.stm32cube.ide.mcu.externaltools.gnu-tools-for-stm32.9-2020-q2-update.linux64_2.0.0.202105311346/tools/bin/../lib/gcc/arm-none-eabi/9.3.1/../../../../arm-none-eabi/lib/thumb/v7e-m+fp/hard/libm.a
LOAD /opt/st/stm32cubeide_1.7.0_2/plugins/com.st.stm32cube.ide.mcu.externaltools.gnu-tools-for-stm32.9-2020-q2-update.linux64_2.0.0.202105311346/tools/bin/../lib/gcc/arm-none-eabi/9.3.1/thumb/v7e-m+fp/hard/libgcc.a

.debug_info     0x0000000000000000     0xbc66
 .debug_info    0x0000000000000000      0x195 ./Core/Src/AHT10.o
 .debug_info    0x0000000000000195      0x7cb ./Core/Src/AHT10_Port.o
 .debug_info    0x0000000000000960     0x1000 ./Core/Src/main.o
 .debug_info    0x0000000000001960      0xd61 ./Core/Src/stm32f4xx_hal_msp.o
 .debug_info    0x00000000000026c1      0x222 ./Core/Src/stm32f4xx_it.o
 .debug_info    0x00000000000028e3      0xa25 ./Core/Src/sysmem.o
 .debug_info    0x0000000000003308      0x5c0 ./Core/Src/system_stm32f4xx.o
 .debug_info    0x00000000000038c8       0x22 ./Core/Startup/startup_stm32f429zitx.o
 .debug_info    0x00000000000038ea      0xa2a ./Drivers/STM32F4xx_HAL_Driver/Src/stm32f4xx_hal.o
 .debug_info    0x0000000000004314      0xf0d ./Drivers/STM32F4xx_HAL_Driver/Src/stm32f4xx_hal_cortex.o
 .debug_info    0x0000000000005221      0x85a ./Drivers/STM32F4xx_HAL_Driver/Src/stm32f4xx_hal_gpio.o
 .debug_info    0x0000000000005a7b     0x265b ./Drivers/STM32F4xx_HAL_Driver/Src/stm32f4xx_hal_i2c.o
 .debug_info    0x00000000000080d6      0x9b2 ./Drivers/STM32F4xx_HAL_Driver/Src/stm32f4xx_hal_rcc.o
 .debug_info    0x0000000000008a88     0x31de ./Drivers/STM32F4xx_HAL_Driver/Src/stm32f4xx_hal_uart.o

.debug_abbrev   0x0000000000000000     0x1924
 .debug_abbrev  0x0000000000000000       0xaf ./Core/Src/AHT10.o
 .debug_abbrev  0x00000000000000af      0x19a ./Core/Src/AHT10_Port.o
 .debug_abbrev  0x0000000000000249      0x24b ./Core/Src/main.o
 .debug_abbrev  0x0000000000000494      0x1ac ./Core/Src/stm32f4xx_hal_msp.o
 .debug_abbrev  0x0000000000000640       0xd2 ./Core/Src/stm32f4xx_it.o
 .debug_abbrev  0x0000000000000712      0x1bf ./Core/Src/sysmem.o
 .debug_abbrev  0x00000000000008d1      0x145 ./Core/Src/system_stm32f4xx.o
 .debug_abbrev  0x0000000000000a16       0x12 ./Core/Startup/startup_stm32f429zitx.o
 .debug_abbrev  0x0000000000000a28      0x1ed ./Drivers/STM32F4xx_HAL_Driver/Src/stm32f4xx_hal.o
 .debug_abbrev  0x0000000000000c15      0x33c ./Drivers/STM32F4xx_HAL_Driver/Src/stm32f4xx_hal_cortex.o
 .debug_abbrev  0x0000000000000f51      0x1f1 ./Drivers/STM32F4xx_HAL_Driver/Src/stm32f4xx_hal_gpio.o
 .debug_abbrev  0x0000000000001142      0x282 ./Drivers/STM32F4xx_HAL_Driver/Src/stm32f4xx_hal_i2c.o
 .debug_abbrev  0x00000000000013c4      0x275 ./Drivers/STM32F4xx_HAL_Driver/Src/stm32f4xx_hal_rcc.o
 .debug_abbrev  0x0000000000001639      0x2eb ./Drivers/STM32F4xx_HAL_Driver/Src/stm32f4xx_hal_uart.o

.debug_aranges  0x0000000000000000      0x958
 .debug_aranges
                0x0000000000000000       0x30 ./Core/Src/AHT10.o
 .debug_aranges
                0x0000000000000030       0x38 ./Core/Src/AHT10_Port.o
 .debug_aranges
                0x0000000000000068       0x48 ./Core/Src/main.o
 .debug_aranges
                0x00000000000000b0       0x40 ./Core/Src/stm32f4xx_hal_msp.o
 .debug_aranges
                0x00000000000000f0       0x60 ./Core/Src/stm32f4xx_it.o
 .debug_aranges
                0x0000000000000150       0x20 ./Core/Src/sysmem.o
 .debug_aranges
                0x0000000000000170       0x28 ./Core/Src/system_stm32f4xx.o
 .debug_aranges
                0x0000000000000198       0x28 ./Core/Startup/startup_stm32f429zitx.o
 .debug_aranges
                0x00000000000001c0      0x100 ./Drivers/STM32F4xx_HAL_Driver/Src/stm32f4xx_hal.o
 .debug_aranges
                0x00000000000002c0      0x118 ./Drivers/STM32F4xx_HAL_Driver/Src/stm32f4xx_hal_cortex.o
 .debug_aranges
                0x00000000000003d8       0x58 ./Drivers/STM32F4xx_HAL_Driver/Src/stm32f4xx_hal_gpio.o
 .debug_aranges
                0x0000000000000430      0x2a0 ./Drivers/STM32F4xx_HAL_Driver/Src/stm32f4xx_hal_i2c.o
 .debug_aranges
                0x00000000000006d0       0x88 ./Drivers/STM32F4xx_HAL_Driver/Src/stm32f4xx_hal_rcc.o
 .debug_aranges
                0x0000000000000758      0x200 ./Drivers/STM32F4xx_HAL_Driver/Src/stm32f4xx_hal_uart.o

.debug_ranges   0x0000000000000000      0x8d8
 .debug_ranges  0x0000000000000000       0x20 ./Core/Src/AHT10.o
 .debug_ranges  0x0000000000000020       0x28 ./Core/Src/AHT10_Port.o
 .debug_ranges  0x0000000000000048       0x38 ./Core/Src/main.o
 .debug_ranges  0x0000000000000080       0x30 ./Core/Src/stm32f4xx_hal_msp.o
 .debug_ranges  0x00000000000000b0       0x50 ./Core/Src/stm32f4xx_it.o
 .debug_ranges  0x0000000000000100       0x10 ./Core/Src/sysmem.o
 .debug_ranges  0x0000000000000110       0x18 ./Core/Src/system_stm32f4xx.o
 .debug_ranges  0x0000000000000128       0x20 ./Core/Startup/startup_stm32f429zitx.o
 .debug_ranges  0x0000000000000148       0xf0 ./Drivers/STM32F4xx_HAL_Driver/Src/stm32f4xx_hal.o
 .debug_ranges  0x0000000000000238      0x108 ./Drivers/STM32F4xx_HAL_Driver/Src/stm32f4xx_hal_cortex.o
 .debug_ranges  0x0000000000000340       0x48 ./Drivers/STM32F4xx_HAL_Driver/Src/stm32f4xx_hal_gpio.o
 .debug_ranges  0x0000000000000388      0x2b8 ./Drivers/STM32F4xx_HAL_Driver/Src/stm32f4xx_hal_i2c.o
 .debug_ranges  0x0000000000000640       0x78 ./Drivers/STM32F4xx_HAL_Driver/Src/stm32f4xx_hal_rcc.o
 .debug_ranges  0x00000000000006b8      0x220 ./Drivers/STM32F4xx_HAL_Driver/Src/stm32f4xx_hal_uart.o

.debug_macro    0x0000000000000000    0x22666
 .debug_macro   0x0000000000000000       0x89 ./Core/Src/AHT10.o
 .debug_macro   0x0000000000000089      0xaa8 ./Core/Src/AHT10.o
 .debug_macro   0x0000000000000b31       0x22 ./Core/Src/AHT10.o
 .debug_macro   0x0000000000000b53       0x8e ./Core/Src/AHT10.o
 .debug_macro   0x0000000000000be1       0x51 ./Core/Src/AHT10.o
 .debug_macro   0x0000000000000c32      0x103 ./Core/Src/AHT10.o
 .debug_macro   0x0000000000000d35       0x6a ./Core/Src/AHT10.o
 .debug_macro   0x0000000000000d9f      0x1df ./Core/Src/AHT10.o
 .debug_macro   0x0000000000000f7e       0x22 ./Core/Src/AHT10.o
 .debug_macro   0x0000000000000fa0       0x34 ./Core/Src/AHT10.o
 .debug_macro   0x0000000000000fd4      0x1f9 ./Core/Src/AHT10_Port.o
 .debug_macro   0x00000000000011cd      0x29b ./Core/Src/AHT10_Port.o
 .debug_macro   0x0000000000001468       0x2e ./Core/Src/AHT10_Port.o
 .debug_macro   0x0000000000001496       0x28 ./Core/Src/AHT10_Port.o
 .debug_macro   0x00000000000014be       0x1c ./Core/Src/AHT10_Port.o
 .debug_macro   0x00000000000014da       0x22 ./Core/Src/AHT10_Port.o
 .debug_macro   0x00000000000014fc       0xdf ./Core/Src/AHT10_Port.o
 .debug_macro   0x00000000000015db     0x102d ./Core/Src/AHT10_Port.o
 .debug_macro   0x0000000000002608      0x11f ./Core/Src/AHT10_Port.o
 .debug_macro   0x0000000000002727    0x17f91 ./Core/Src/AHT10_Port.o
 .debug_macro   0x000000000001a6b8       0x6d ./Core/Src/AHT10_Port.o
 .debug_macro   0x000000000001a725     0x36dd ./Core/Src/AHT10_Port.o
 .debug_macro   0x000000000001de02      0x174 ./Core/Src/AHT10_Port.o
 .debug_macro   0x000000000001df76       0x5c ./Core/Src/AHT10_Port.o
 .debug_macro   0x000000000001dfd2      0xca5 ./Core/Src/AHT10_Port.o
 .debug_macro   0x000000000001ec77      0x9fe ./Core/Src/AHT10_Port.o
 .debug_macro   0x000000000001f675      0x116 ./Core/Src/AHT10_Port.o
 .debug_macro   0x000000000001f78b      0x157 ./Core/Src/AHT10_Port.o
 .debug_macro   0x000000000001f8e2       0xa5 ./Core/Src/AHT10_Port.o
 .debug_macro   0x000000000001f987      0x182 ./Core/Src/AHT10_Port.o
 .debug_macro   0x000000000001fb09      0x287 ./Core/Src/AHT10_Port.o
 .debug_macro   0x000000000001fd90       0x5f ./Core/Src/AHT10_Port.o
 .debug_macro   0x000000000001fdef      0x236 ./Core/Src/AHT10_Port.o
 .debug_macro   0x0000000000020025      0x132 ./Core/Src/AHT10_Port.o
 .debug_macro   0x0000000000020157      0x41d ./Core/Src/AHT10_Port.o
 .debug_macro   0x0000000000020574       0x2e ./Core/Src/AHT10_Port.o
 .debug_macro   0x00000000000205a2      0x1b5 ./Core/Src/AHT10_Port.o
 .debug_macro   0x0000000000020757       0x22 ./Core/Src/AHT10_Port.o
 .debug_macro   0x0000000000020779       0xd6 ./Core/Src/AHT10_Port.o
 .debug_macro   0x000000000002084f      0x11a ./Core/Src/AHT10_Port.o
 .debug_macro   0x0000000000020969       0xe2 ./Core/Src/AHT10_Port.o
 .debug_macro   0x0000000000020a4b       0x89 ./Core/Src/AHT10_Port.o
 .debug_macro   0x0000000000020ad4      0x295 ./Core/Src/AHT10_Port.o
 .debug_macro   0x0000000000020d69      0x134 ./Core/Src/AHT10_Port.o
 .debug_macro   0x0000000000020e9d      0x1fa ./Core/Src/main.o
 .debug_macro   0x0000000000021097      0x130 ./Core/Src/main.o
 .debug_macro   0x00000000000211c7      0x1e2 ./Core/Src/stm32f4xx_hal_msp.o
 .debug_macro   0x00000000000213a9      0x1ec ./Core/Src/stm32f4xx_it.o
 .debug_macro   0x0000000000021595       0xff ./Core/Src/sysmem.o
 .debug_macro   0x0000000000021694      0x23b ./Core/Src/sysmem.o
 .debug_macro   0x00000000000218cf      0x1d3 ./Core/Src/system_stm32f4xx.o
 .debug_macro   0x0000000000021aa2      0x233 ./Drivers/STM32F4xx_HAL_Driver/Src/stm32f4xx_hal.o
 .debug_macro   0x0000000000021cd5      0x1d3 ./Drivers/STM32F4xx_HAL_Driver/Src/stm32f4xx_hal_cortex.o
 .debug_macro   0x0000000000021ea8      0x1d9 ./Drivers/STM32F4xx_HAL_Driver/Src/stm32f4xx_hal_gpio.o
 .debug_macro   0x0000000000022081      0x21a ./Drivers/STM32F4xx_HAL_Driver/Src/stm32f4xx_hal_i2c.o
 .debug_macro   0x000000000002229b      0x1f7 ./Drivers/STM32F4xx_HAL_Driver/Src/stm32f4xx_hal_rcc.o
 .debug_macro   0x0000000000022492      0x1d4 ./Drivers/STM32F4xx_HAL_Driver/Src/stm32f4xx_hal_uart.o

.debug_line     0x0000000000000000     0xc0b4
 .debug_line    0x0000000000000000      0x442 ./Core/Src/AHT10.o
 .debug_line    0x0000000000000442      0x720 ./Core/Src/AHT10_Port.o
 .debug_line    0x0000000000000b62      0x878 ./Core/Src/main.o
 .debug_line    0x00000000000013da      0x746 ./Core/Src/stm32f4xx_hal_msp.o
 .debug_line    0x0000000000001b20      0x76d ./Core/Src/stm32f4xx_it.o
 .debug_line    0x000000000000228d      0x4d5 ./Core/Src/sysmem.o
 .debug_line    0x0000000000002762      0x72c ./Core/Src/system_stm32f4xx.o
 .debug_line    0x0000000000002e8e       0x88 ./Core/Startup/startup_stm32f429zitx.o
 .debug_line    0x0000000000002f16      0x9c8 ./Drivers/STM32F4xx_HAL_Driver/Src/stm32f4xx_hal.o
 .debug_line    0x00000000000038de      0xc41 ./Drivers/STM32F4xx_HAL_Driver/Src/stm32f4xx_hal_cortex.o
 .debug_line    0x000000000000451f      0xb30 ./Drivers/STM32F4xx_HAL_Driver/Src/stm32f4xx_hal_gpio.o
 .debug_line    0x000000000000504f     0x393e ./Drivers/STM32F4xx_HAL_Driver/Src/stm32f4xx_hal_i2c.o
 .debug_line    0x000000000000898d      0xd0e ./Drivers/STM32F4xx_HAL_Driver/Src/stm32f4xx_hal_rcc.o
 .debug_line    0x000000000000969b     0x2a19 ./Drivers/STM32F4xx_HAL_Driver/Src/stm32f4xx_hal_uart.o

.debug_str      0x0000000000000000    0xd24e5
 .debug_str     0x0000000000000000     0x3d1c ./Core/Src/AHT10.o
                                       0x3ea1 (size before relaxing)
 .debug_str     0x0000000000003d1c    0xc969c ./Core/Src/AHT10_Port.o
                                      0xcd62e (size before relaxing)
 .debug_str     0x00000000000cd3b8      0x9f6 ./Core/Src/main.o
                                      0xcdfb9 (size before relaxing)
 .debug_str     0x00000000000cddae       0x7d ./Core/Src/stm32f4xx_hal_msp.o
                                      0xcdd12 (size before relaxing)
 .debug_str     0x00000000000cde2b       0xbd ./Core/Src/stm32f4xx_it.o
                                      0xcd529 (size before relaxing)
 .debug_str     0x00000000000cdee8     0x2218 ./Core/Src/sysmem.o
                                       0x62a1 (size before relaxing)
 .debug_str     0x00000000000d0100       0xaf ./Core/Src/system_stm32f4xx.o
                                      0xcd15f (size before relaxing)
 .debug_str     0x00000000000d01af       0x36 ./Core/Startup/startup_stm32f429zitx.o
                                         0x72 (size before relaxing)
 .debug_str     0x00000000000d01e5      0xb07 ./Drivers/STM32F4xx_HAL_Driver/Src/stm32f4xx_hal.o
                                      0xcdce0 (size before relaxing)
 .debug_str     0x00000000000d0cec      0x399 ./Drivers/STM32F4xx_HAL_Driver/Src/stm32f4xx_hal_cortex.o
                                      0xcda81 (size before relaxing)
 .debug_str     0x00000000000d1085      0x15a ./Drivers/STM32F4xx_HAL_Driver/Src/stm32f4xx_hal_gpio.o
                                      0xcd306 (size before relaxing)
 .debug_str     0x00000000000d11df      0xabd ./Drivers/STM32F4xx_HAL_Driver/Src/stm32f4xx_hal_i2c.o
                                      0xce0d3 (size before relaxing)
 .debug_str     0x00000000000d1c9c      0x24e ./Drivers/STM32F4xx_HAL_Driver/Src/stm32f4xx_hal_rcc.o
                                      0xcd561 (size before relaxing)
 .debug_str     0x00000000000d1eea      0x5fb ./Drivers/STM32F4xx_HAL_Driver/Src/stm32f4xx_hal_uart.o
                                      0xcdad4 (size before relaxing)

.comment        0x0000000000000000       0x53
 .comment       0x0000000000000000       0x53 ./Core/Src/AHT10.o
                                         0x54 (size before relaxing)
 .comment       0x0000000000000053       0x54 ./Core/Src/AHT10_Port.o
 .comment       0x0000000000000053       0x54 ./Core/Src/main.o
 .comment       0x0000000000000053       0x54 ./Core/Src/stm32f4xx_hal_msp.o
 .comment       0x0000000000000053       0x54 ./Core/Src/stm32f4xx_it.o
 .comment       0x0000000000000053       0x54 ./Core/Src/sysmem.o
 .comment       0x0000000000000053       0x54 ./Core/Src/system_stm32f4xx.o
 .comment       0x0000000000000053       0x54 ./Drivers/STM32F4xx_HAL_Driver/Src/stm32f4xx_hal.o
 .comment       0x0000000000000053       0x54 ./Drivers/STM32F4xx_HAL_Driver/Src/stm32f4xx_hal_cortex.o
 .comment       0x0000000000000053       0x54 ./Drivers/STM32F4xx_HAL_Driver/Src/stm32f4xx_hal_gpio.o
 .comment       0x0000000000000053       0x54 ./Drivers/STM32F4xx_HAL_Driver/Src/stm32f4xx_hal_i2c.o
 .comment       0x0000000000000053       0x54 ./Drivers/STM32F4xx_HAL_Driver/Src/stm32f4xx_hal_rcc.o
 .comment       0x0000000000000053       0x54 ./Drivers/STM32F4xx_HAL_Driver/Src/stm32f4xx_hal_uart.o

.debug_frame    0x0000000000000000     0x29dc
 .debug_frame   0x0000000000000000       0x64 ./Core/Src/AHT10.o
 .debug_frame   0x0000000000000064       0x98 ./Core/Src/AHT10_Port.o
 .debug_frame   0x00000000000000fc       0xd4 ./Core/Src/main.o
 .debug_frame   0x00000000000001d0       0xc8 ./Core/Src/stm32f4xx_hal_msp.o
 .debug_frame   0x0000000000000298      0x104 ./Core/Src/stm32f4xx_it.o
 .debug_frame   0x000000000000039c       0x34 ./Core/Src/sysmem.o
 .debug_frame   0x00000000000003d0       0x58 ./Core/Src/system_stm32f4xx.o
 .debug_frame   0x0000000000000428      0x3b4 ./Drivers/STM32F4xx_HAL_Driver/Src/stm32f4xx_hal.o
 .debug_frame   0x00000000000007dc      0x498 ./Drivers/STM32F4xx_HAL_Driver/Src/stm32f4xx_hal_cortex.o
 .debug_frame   0x0000000000000c74      0x14c ./Drivers/STM32F4xx_HAL_Driver/Src/stm32f4xx_hal_gpio.o
 .debug_frame   0x0000000000000dc0      0xc5c ./Drivers/STM32F4xx_HAL_Driver/Src/stm32f4xx_hal_i2c.o
 .debug_frame   0x0000000000001a1c      0x1f0 ./Drivers/STM32F4xx_HAL_Driver/Src/stm32f4xx_hal_rcc.o
 .debug_frame   0x0000000000001c0c      0x92c ./Drivers/STM32F4xx_HAL_Driver/Src/stm32f4xx_hal_uart.o
 .debug_frame   0x0000000000002538       0x20 /opt/st/stm32cubeide_1.7.0_2/plugins/com.st.stm32cube.ide.mcu.externaltools.gnu-tools-for-stm32.9-2020-q2-update.linux64_2.0.0.202105311346/tools/bin/../lib/gcc/arm-none-eabi/9.3.1/../../../../arm-none-eabi/lib/thumb/v7e-m+fp/hard/libc_nano.a(lib_a-errno.o)
 .debug_frame   0x0000000000002558       0x2c /opt/st/stm32cubeide_1.7.0_2/plugins/com.st.stm32cube.ide.mcu.externaltools.gnu-tools-for-stm32.9-2020-q2-update.linux64_2.0.0.202105311346/tools/bin/../lib/gcc/arm-none-eabi/9.3.1/../../../../arm-none-eabi/lib/thumb/v7e-m+fp/hard/libc_nano.a(lib_a-init.o)
 .debug_frame   0x0000000000002584       0x20 /opt/st/stm32cubeide_1.7.0_2/plugins/com.st.stm32cube.ide.mcu.externaltools.gnu-tools-for-stm32.9-2020-q2-update.linux64_2.0.0.202105311346/tools/bin/../lib/gcc/arm-none-eabi/9.3.1/../../../../arm-none-eabi/lib/thumb/v7e-m+fp/hard/libc_nano.a(lib_a-memset.o)
 .debug_frame   0x00000000000025a4       0x6c /opt/st/stm32cubeide_1.7.0_2/plugins/com.st.stm32cube.ide.mcu.externaltools.gnu-tools-for-stm32.9-2020-q2-update.linux64_2.0.0.202105311346/tools/bin/../lib/gcc/arm-none-eabi/9.3.1/../../../../arm-none-eabi/lib/thumb/v7e-m+fp/hard/libc_nano.a(lib_a-sprintf.o)
 .debug_frame   0x0000000000002610       0x90 /opt/st/stm32cubeide_1.7.0_2/plugins/com.st.stm32cube.ide.mcu.externaltools.gnu-tools-for-stm32.9-2020-q2-update.linux64_2.0.0.202105311346/tools/bin/../lib/gcc/arm-none-eabi/9.3.1/../../../../arm-none-eabi/lib/thumb/v7e-m+fp/hard/libc_nano.a(lib_a-nano-svfprintf.o)
 .debug_frame   0x00000000000026a0       0x60 /opt/st/stm32cubeide_1.7.0_2/plugins/com.st.stm32cube.ide.mcu.externaltools.gnu-tools-for-stm32.9-2020-q2-update.linux64_2.0.0.202105311346/tools/bin/../lib/gcc/arm-none-eabi/9.3.1/../../../../arm-none-eabi/lib/thumb/v7e-m+fp/hard/libc_nano.a(lib_a-nano-vfprintf_i.o)
 .debug_frame   0x0000000000002700       0x28 /opt/st/stm32cubeide_1.7.0_2/plugins/com.st.stm32cube.ide.mcu.externaltools.gnu-tools-for-stm32.9-2020-q2-update.linux64_2.0.0.202105311346/tools/bin/../lib/gcc/arm-none-eabi/9.3.1/../../../../arm-none-eabi/lib/thumb/v7e-m+fp/hard/libc_nano.a(lib_a-memcpy-stub.o)
 .debug_frame   0x0000000000002728       0x28 /opt/st/stm32cubeide_1.7.0_2/plugins/com.st.stm32cube.ide.mcu.externaltools.gnu-tools-for-stm32.9-2020-q2-update.linux64_2.0.0.202105311346/tools/bin/../lib/gcc/arm-none-eabi/9.3.1/../../../../arm-none-eabi/lib/thumb/v7e-m+fp/hard/libc_nano.a(lib_a-memmove.o)
 .debug_frame   0x0000000000002750       0x38 /opt/st/stm32cubeide_1.7.0_2/plugins/com.st.stm32cube.ide.mcu.externaltools.gnu-tools-for-stm32.9-2020-q2-update.linux64_2.0.0.202105311346/tools/bin/../lib/gcc/arm-none-eabi/9.3.1/../../../../arm-none-eabi/lib/thumb/v7e-m+fp/hard/libc_nano.a(lib_a-nano-freer.o)
 .debug_frame   0x0000000000002788       0x30 /opt/st/stm32cubeide_1.7.0_2/plugins/com.st.stm32cube.ide.mcu.externaltools.gnu-tools-for-stm32.9-2020-q2-update.linux64_2.0.0.202105311346/tools/bin/../lib/gcc/arm-none-eabi/9.3.1/../../../../arm-none-eabi/lib/thumb/v7e-m+fp/hard/libc_nano.a(lib_a-nano-mallocr.o)
 .debug_frame   0x00000000000027b8       0x3c /opt/st/stm32cubeide_1.7.0_2/plugins/com.st.stm32cube.ide.mcu.externaltools.gnu-tools-for-stm32.9-2020-q2-update.linux64_2.0.0.202105311346/tools/bin/../lib/gcc/arm-none-eabi/9.3.1/../../../../arm-none-eabi/lib/thumb/v7e-m+fp/hard/libc_nano.a(lib_a-nano-reallocr.o)
 .debug_frame   0x00000000000027f4       0x2c /opt/st/stm32cubeide_1.7.0_2/plugins/com.st.stm32cube.ide.mcu.externaltools.gnu-tools-for-stm32.9-2020-q2-update.linux64_2.0.0.202105311346/tools/bin/../lib/gcc/arm-none-eabi/9.3.1/../../../../arm-none-eabi/lib/thumb/v7e-m+fp/hard/libc_nano.a(lib_a-sbrkr.o)
 .debug_frame   0x0000000000002820       0x30 /opt/st/stm32cubeide_1.7.0_2/plugins/com.st.stm32cube.ide.mcu.externaltools.gnu-tools-for-stm32.9-2020-q2-update.linux64_2.0.0.202105311346/tools/bin/../lib/gcc/arm-none-eabi/9.3.1/../../../../arm-none-eabi/lib/thumb/v7e-m+fp/hard/libc_nano.a(lib_a-mlock.o)
 .debug_frame   0x0000000000002850       0x20 /opt/st/stm32cubeide_1.7.0_2/plugins/com.st.stm32cube.ide.mcu.externaltools.gnu-tools-for-stm32.9-2020-q2-update.linux64_2.0.0.202105311346/tools/bin/../lib/gcc/arm-none-eabi/9.3.1/../../../../arm-none-eabi/lib/thumb/v7e-m+fp/hard/libc_nano.a(lib_a-nano-msizer.o)
 .debug_frame   0x0000000000002870       0x5c /opt/st/stm32cubeide_1.7.0_2/plugins/com.st.stm32cube.ide.mcu.externaltools.gnu-tools-for-stm32.9-2020-q2-update.linux64_2.0.0.202105311346/tools/bin/../lib/gcc/arm-none-eabi/9.3.1/../../../../arm-none-eabi/lib/thumb/v7e-m+fp/hard/libc_nano.a(lib_a-reent.o)
 .debug_frame   0x00000000000028cc       0xb0 /opt/st/stm32cubeide_1.7.0_2/plugins/com.st.stm32cube.ide.mcu.externaltools.gnu-tools-for-stm32.9-2020-q2-update.linux64_2.0.0.202105311346/tools/bin/../lib/gcc/arm-none-eabi/9.3.1/../../../../arm-none-eabi/lib/thumb/v7e-m+fp/hard/libc_nano.a(lib_a-lock.o)
 .debug_frame   0x000000000000297c       0x2c /opt/st/stm32cubeide_1.7.0_2/plugins/com.st.stm32cube.ide.mcu.externaltools.gnu-tools-for-stm32.9-2020-q2-update.linux64_2.0.0.202105311346/tools/bin/../lib/gcc/arm-none-eabi/9.3.1/thumb/v7e-m+fp/hard/libgcc.a(_aeabi_uldivmod.o)
 .debug_frame   0x00000000000029a8       0x34 /opt/st/stm32cubeide_1.7.0_2/plugins/com.st.stm32cube.ide.mcu.externaltools.gnu-tools-for-stm32.9-2020-q2-update.linux64_2.0.0.202105311346/tools/bin/../lib/gcc/arm-none-eabi/9.3.1/thumb/v7e-m+fp/hard/libgcc.a(_udivmoddi4.o)
